Archive member included because of file (symbol)

d:/embeded systems/imt course/imt tools/01 imt sdk/imt_sdk_win_64/winavr/bin/../lib/gcc/avr/4.3.3/avr5\libgcc.a(_udivmodsi4.o)
                              ./RTOS_STACK/TMU/RTOS_prg.o (__udivmodsi4)
d:/embeded systems/imt course/imt tools/01 imt sdk/imt_sdk_win_64/winavr/bin/../lib/gcc/avr/4.3.3/avr5\libgcc.a(_exit.o)
                              d:/embeded systems/imt course/imt tools/01 imt sdk/imt_sdk_win_64/winavr/bin/../lib/gcc/avr/4.3.3/../../../../avr/lib/avr5/crtm32.o (exit)
d:/embeded systems/imt course/imt tools/01 imt sdk/imt_sdk_win_64/winavr/bin/../lib/gcc/avr/4.3.3/avr5\libgcc.a(_copy_data.o)
                              ./HAL/STM/STM_prg.o (__do_copy_data)
d:/embeded systems/imt course/imt tools/01 imt sdk/imt_sdk_win_64/winavr/bin/../lib/gcc/avr/4.3.3/avr5\libgcc.a(_clear_bss.o)
                              ./RTOS_STACK/TMU/RTOS_prg.o (__do_clear_bss)
d:/embeded systems/imt course/imt tools/01 imt sdk/imt_sdk_win_64/winavr/bin/../lib/gcc/avr/4.3.3/avr5\libgcc.a(_fixunssfsi.o)
                              ./MCAL/TIMER/TIMER_prg.o (__fixunssfsi)
d:/embeded systems/imt course/imt tools/01 imt sdk/imt_sdk_win_64/winavr/bin/../lib/gcc/avr/4.3.3/avr5\libgcc.a(_addsub_sf.o)
                              d:/embeded systems/imt course/imt tools/01 imt sdk/imt_sdk_win_64/winavr/bin/../lib/gcc/avr/4.3.3/avr5\libgcc.a(_fixunssfsi.o) (__subsf3)
d:/embeded systems/imt course/imt tools/01 imt sdk/imt_sdk_win_64/winavr/bin/../lib/gcc/avr/4.3.3/avr5\libgcc.a(_mul_sf.o)
                              ./MCAL/TIMER/TIMER_prg.o (__mulsf3)
d:/embeded systems/imt course/imt tools/01 imt sdk/imt_sdk_win_64/winavr/bin/../lib/gcc/avr/4.3.3/avr5\libgcc.a(_div_sf.o)
                              ./MCAL/TIMER/TIMER_prg.o (__divsf3)
d:/embeded systems/imt course/imt tools/01 imt sdk/imt_sdk_win_64/winavr/bin/../lib/gcc/avr/4.3.3/avr5\libgcc.a(_gt_sf.o)
                              ./HAL/STM/STM_prg.o (__gtsf2)
d:/embeded systems/imt course/imt tools/01 imt sdk/imt_sdk_win_64/winavr/bin/../lib/gcc/avr/4.3.3/avr5\libgcc.a(_ge_sf.o)
                              d:/embeded systems/imt course/imt tools/01 imt sdk/imt_sdk_win_64/winavr/bin/../lib/gcc/avr/4.3.3/avr5\libgcc.a(_fixunssfsi.o) (__gesf2)
d:/embeded systems/imt course/imt tools/01 imt sdk/imt_sdk_win_64/winavr/bin/../lib/gcc/avr/4.3.3/avr5\libgcc.a(_lt_sf.o)
                              ./HAL/STM/STM_prg.o (__ltsf2)
d:/embeded systems/imt course/imt tools/01 imt sdk/imt_sdk_win_64/winavr/bin/../lib/gcc/avr/4.3.3/avr5\libgcc.a(_si_to_sf.o)
                              ./HAL/STM/STM_prg.o (__floatsisf)
d:/embeded systems/imt course/imt tools/01 imt sdk/imt_sdk_win_64/winavr/bin/../lib/gcc/avr/4.3.3/avr5\libgcc.a(_sf_to_si.o)
                              d:/embeded systems/imt course/imt tools/01 imt sdk/imt_sdk_win_64/winavr/bin/../lib/gcc/avr/4.3.3/avr5\libgcc.a(_fixunssfsi.o) (__fixsfsi)
d:/embeded systems/imt course/imt tools/01 imt sdk/imt_sdk_win_64/winavr/bin/../lib/gcc/avr/4.3.3/avr5\libgcc.a(_thenan_sf.o)
                              d:/embeded systems/imt course/imt tools/01 imt sdk/imt_sdk_win_64/winavr/bin/../lib/gcc/avr/4.3.3/avr5\libgcc.a(_addsub_sf.o) (__thenan_sf)
d:/embeded systems/imt course/imt tools/01 imt sdk/imt_sdk_win_64/winavr/bin/../lib/gcc/avr/4.3.3/avr5\libgcc.a(_usi_to_sf.o)
                              ./MCAL/TIMER/TIMER_prg.o (__floatunsisf)
d:/embeded systems/imt course/imt tools/01 imt sdk/imt_sdk_win_64/winavr/bin/../lib/gcc/avr/4.3.3/avr5\libgcc.a(_prologue.o)
                              d:/embeded systems/imt course/imt tools/01 imt sdk/imt_sdk_win_64/winavr/bin/../lib/gcc/avr/4.3.3/avr5\libgcc.a(_addsub_sf.o) (__prologue_saves__)
d:/embeded systems/imt course/imt tools/01 imt sdk/imt_sdk_win_64/winavr/bin/../lib/gcc/avr/4.3.3/avr5\libgcc.a(_epilogue.o)
                              d:/embeded systems/imt course/imt tools/01 imt sdk/imt_sdk_win_64/winavr/bin/../lib/gcc/avr/4.3.3/avr5\libgcc.a(_addsub_sf.o) (__epilogue_restores__)
d:/embeded systems/imt course/imt tools/01 imt sdk/imt_sdk_win_64/winavr/bin/../lib/gcc/avr/4.3.3/avr5\libgcc.a(_clzsi2.o)
                              d:/embeded systems/imt course/imt tools/01 imt sdk/imt_sdk_win_64/winavr/bin/../lib/gcc/avr/4.3.3/avr5\libgcc.a(_si_to_sf.o) (__clzsi2)
d:/embeded systems/imt course/imt tools/01 imt sdk/imt_sdk_win_64/winavr/bin/../lib/gcc/avr/4.3.3/avr5\libgcc.a(_pack_sf.o)
                              d:/embeded systems/imt course/imt tools/01 imt sdk/imt_sdk_win_64/winavr/bin/../lib/gcc/avr/4.3.3/avr5\libgcc.a(_addsub_sf.o) (__pack_f)
d:/embeded systems/imt course/imt tools/01 imt sdk/imt_sdk_win_64/winavr/bin/../lib/gcc/avr/4.3.3/avr5\libgcc.a(_unpack_sf.o)
                              d:/embeded systems/imt course/imt tools/01 imt sdk/imt_sdk_win_64/winavr/bin/../lib/gcc/avr/4.3.3/avr5\libgcc.a(_addsub_sf.o) (__unpack_f)
d:/embeded systems/imt course/imt tools/01 imt sdk/imt_sdk_win_64/winavr/bin/../lib/gcc/avr/4.3.3/avr5\libgcc.a(_fpcmp_parts_sf.o)
                              d:/embeded systems/imt course/imt tools/01 imt sdk/imt_sdk_win_64/winavr/bin/../lib/gcc/avr/4.3.3/avr5\libgcc.a(_gt_sf.o) (__fpcmp_parts_f)
d:/embeded systems/imt course/imt tools/01 imt sdk/imt_sdk_win_64/winavr/bin/../lib/gcc/avr/4.3.3/avr5\libgcc.a(_clz.o)
                              d:/embeded systems/imt course/imt tools/01 imt sdk/imt_sdk_win_64/winavr/bin/../lib/gcc/avr/4.3.3/avr5\libgcc.a(_clzsi2.o) (__clz_tab)
d:/embeded systems/imt course/imt tools/01 imt sdk/imt_sdk_win_64/winavr/bin/../lib/gcc/avr/4.3.3/../../../../avr/lib/avr5\libc.a(sprintf.o)
                              ./HAL/LCD/LCD_prg.o (sprintf)
d:/embeded systems/imt course/imt tools/01 imt sdk/imt_sdk_win_64/winavr/bin/../lib/gcc/avr/4.3.3/../../../../avr/lib/avr5\libc.a(round.o)
                              ./HAL/STM/STM_prg.o (round)
d:/embeded systems/imt course/imt tools/01 imt sdk/imt_sdk_win_64/winavr/bin/../lib/gcc/avr/4.3.3/../../../../avr/lib/avr5\libc.a(vfprintf_std.o)
                              d:/embeded systems/imt course/imt tools/01 imt sdk/imt_sdk_win_64/winavr/bin/../lib/gcc/avr/4.3.3/../../../../avr/lib/avr5\libc.a(sprintf.o) (vfprintf)
d:/embeded systems/imt course/imt tools/01 imt sdk/imt_sdk_win_64/winavr/bin/../lib/gcc/avr/4.3.3/../../../../avr/lib/avr5\libc.a(strnlen_P.o)
                              d:/embeded systems/imt course/imt tools/01 imt sdk/imt_sdk_win_64/winavr/bin/../lib/gcc/avr/4.3.3/../../../../avr/lib/avr5\libc.a(vfprintf_std.o) (strnlen_P)
d:/embeded systems/imt course/imt tools/01 imt sdk/imt_sdk_win_64/winavr/bin/../lib/gcc/avr/4.3.3/../../../../avr/lib/avr5\libc.a(strnlen.o)
                              d:/embeded systems/imt course/imt tools/01 imt sdk/imt_sdk_win_64/winavr/bin/../lib/gcc/avr/4.3.3/../../../../avr/lib/avr5\libc.a(vfprintf_std.o) (strnlen)
d:/embeded systems/imt course/imt tools/01 imt sdk/imt_sdk_win_64/winavr/bin/../lib/gcc/avr/4.3.3/../../../../avr/lib/avr5\libc.a(fputc.o)
                              d:/embeded systems/imt course/imt tools/01 imt sdk/imt_sdk_win_64/winavr/bin/../lib/gcc/avr/4.3.3/../../../../avr/lib/avr5\libc.a(vfprintf_std.o) (fputc)
d:/embeded systems/imt course/imt tools/01 imt sdk/imt_sdk_win_64/winavr/bin/../lib/gcc/avr/4.3.3/../../../../avr/lib/avr5\libc.a(ultoa_invert.o)
                              d:/embeded systems/imt course/imt tools/01 imt sdk/imt_sdk_win_64/winavr/bin/../lib/gcc/avr/4.3.3/../../../../avr/lib/avr5\libc.a(vfprintf_std.o) (__ultoa_invert)
d:/embeded systems/imt course/imt tools/01 imt sdk/imt_sdk_win_64/winavr/bin/../lib/gcc/avr/4.3.3/../../../../avr/lib/avr5\libc.a(fp_mintl.o)
                              d:/embeded systems/imt course/imt tools/01 imt sdk/imt_sdk_win_64/winavr/bin/../lib/gcc/avr/4.3.3/../../../../avr/lib/avr5\libc.a(round.o) (__fp_mintl)
d:/embeded systems/imt course/imt tools/01 imt sdk/imt_sdk_win_64/winavr/bin/../lib/gcc/avr/4.3.3/../../../../avr/lib/avr5\libc.a(fp_mpack.o)
                              d:/embeded systems/imt course/imt tools/01 imt sdk/imt_sdk_win_64/winavr/bin/../lib/gcc/avr/4.3.3/../../../../avr/lib/avr5\libc.a(round.o) (__fp_mpack)
d:/embeded systems/imt course/imt tools/01 imt sdk/imt_sdk_win_64/winavr/bin/../lib/gcc/avr/4.3.3/../../../../avr/lib/avr5\libc.a(fp_split3.o)
                              d:/embeded systems/imt course/imt tools/01 imt sdk/imt_sdk_win_64/winavr/bin/../lib/gcc/avr/4.3.3/../../../../avr/lib/avr5\libc.a(round.o) (__fp_splitA)
d:/embeded systems/imt course/imt tools/01 imt sdk/imt_sdk_win_64/winavr/bin/../lib/gcc/avr/4.3.3/../../../../avr/lib/avr5\libc.a(fp_zero.o)
                              d:/embeded systems/imt course/imt tools/01 imt sdk/imt_sdk_win_64/winavr/bin/../lib/gcc/avr/4.3.3/../../../../avr/lib/avr5\libc.a(round.o) (__fp_szero)

Allocating common symbols
Common symbol       size              file

GLB_PTRF_TIM0_OVF   0x2               ./MCAL/TIMER/TIMER_prg.o
GLB_PTRF_TIM1_CTC   0x2               ./MCAL/TIMER/TIMER_prg.o
GLB_PTR_FUNC        0x2               ./MCAL/SPI/SPI_prg.o
TASKS               0xc               ./RTOS_STACK/TMU/RTOS_prg.o
GLB_PTRF_TIM2_CTC   0x2               ./MCAL/TIMER/TIMER_prg.o
GLB_PTRF_TIM0_CTC   0x2               ./MCAL/TIMER/TIMER_prg.o
G_vISRptr           0x2               ./MCAL/ADC/ADC_prg.o
GLB_PTRF_TIM2_OVF   0x2               ./MCAL/TIMER/TIMER_prg.o
GLB_PTRF_TIM1_OVF   0x2               ./MCAL/TIMER/TIMER_prg.o
G_PTR_FUNC_RX       0x2               ./MCAL/UART/UART_prg.o
GLB_PTRF_TIM1_ICU   0x2               ./MCAL/TIMER/TIMER_prg.o

Memory Configuration

Name             Origin             Length             Attributes
text             0x00000000         0x00020000         xr
data             0x00800060         0x0000ffa0         rw !x
eeprom           0x00810000         0x00010000         rw !x
fuse             0x00820000         0x00000400         rw !x
lock             0x00830000         0x00000400         rw !x
signature        0x00840000         0x00000400         rw !x
*default*        0x00000000         0xffffffff

Linker script and memory map

LOAD d:/embeded systems/imt course/imt tools/01 imt sdk/imt_sdk_win_64/winavr/bin/../lib/gcc/avr/4.3.3/../../../../avr/lib/avr5/crtm32.o
LOAD ./RTOS_STACK/TMU/RTOS_prg.o
LOAD ./MCAL/WDT/WDT_prg.o
LOAD ./MCAL/UART/UART_prg.o
LOAD ./MCAL/TIMER/TIMER_prg.o
LOAD ./MCAL/SPI/SPI_prg.o
LOAD ./MCAL/I2C/I2C_prg.o
LOAD ./MCAL/GIE/GIE_prg.o
LOAD ./MCAL/EXI/EXI_prg.o
LOAD ./MCAL/DIO/DIO_prg.o
LOAD ./MCAL/ADC/ADC_prg.o
LOAD ./HAL/TRANSISTORS/TRANSISTORS_prg.o
LOAD ./HAL/TEMPS/TEMPS_prg.o
LOAD ./HAL/SWITCHES/SWITCHES_prg.o
LOAD ./HAL/STM/STM_prg.o
LOAD ./HAL/SSD/SSD_prg.o
LOAD ./HAL/SERVO/SERVO_prg.o
LOAD ./HAL/LED/LED_prg.o
LOAD ./HAL/LDR/LDR_prg.o
LOAD ./HAL/LCD/LCD_prg.o
LOAD ./HAL/KEYPAD/KEYPAD_prg.o
LOAD ./HAL/EEPROM/EEPROM_prg.o
LOAD ./HAL/DCM/DCM_prg.o
LOAD ./APP/main.o
LOAD ./APP/mainICU.o
LOAD d:/embeded systems/imt course/imt tools/01 imt sdk/imt_sdk_win_64/winavr/bin/../lib/gcc/avr/4.3.3/avr5\libgcc.a
LOAD d:/embeded systems/imt course/imt tools/01 imt sdk/imt_sdk_win_64/winavr/bin/../lib/gcc/avr/4.3.3/../../../../avr/lib/avr5\libc.a
LOAD d:/embeded systems/imt course/imt tools/01 imt sdk/imt_sdk_win_64/winavr/bin/../lib/gcc/avr/4.3.3/avr5\libgcc.a

.hash
 *(.hash)

.dynsym
 *(.dynsym)

.dynstr
 *(.dynstr)

.gnu.version
 *(.gnu.version)

.gnu.version_d
 *(.gnu.version_d)

.gnu.version_r
 *(.gnu.version_r)

.rel.init
 *(.rel.init)

.rela.init
 *(.rela.init)

.rel.text
 *(.rel.text)
 *(.rel.text.*)
 *(.rel.gnu.linkonce.t*)

.rela.text
 *(.rela.text)
 *(.rela.text.*)
 *(.rela.gnu.linkonce.t*)

.rel.fini
 *(.rel.fini)

.rela.fini
 *(.rela.fini)

.rel.rodata
 *(.rel.rodata)
 *(.rel.rodata.*)
 *(.rel.gnu.linkonce.r*)

.rela.rodata
 *(.rela.rodata)
 *(.rela.rodata.*)
 *(.rela.gnu.linkonce.r*)

.rel.data
 *(.rel.data)
 *(.rel.data.*)
 *(.rel.gnu.linkonce.d*)

.rela.data
 *(.rela.data)
 *(.rela.data.*)
 *(.rela.gnu.linkonce.d*)

.rel.ctors
 *(.rel.ctors)

.rela.ctors
 *(.rela.ctors)

.rel.dtors
 *(.rel.dtors)

.rela.dtors
 *(.rela.dtors)

.rel.got
 *(.rel.got)

.rela.got
 *(.rela.got)

.rel.bss
 *(.rel.bss)

.rela.bss
 *(.rela.bss)

.rel.plt
 *(.rel.plt)

.rela.plt
 *(.rela.plt)

.text           0x00000000     0x701e
 *(.vectors)
 .vectors       0x00000000       0x54 d:/embeded systems/imt course/imt tools/01 imt sdk/imt_sdk_win_64/winavr/bin/../lib/gcc/avr/4.3.3/../../../../avr/lib/avr5/crtm32.o
                0x00000000                __vectors
                0x00000000                __vector_default
 *(.vectors)
 *(.progmem.gcc*)
 *(.progmem*)
                0x00000054                . = ALIGN (0x2)
                0x00000054                __trampolines_start = .
 *(.trampolines)
 .trampolines   0x00000054        0x0 linker stubs
 *(.trampolines*)
                0x00000054                __trampolines_end = .
 *(.jumptables)
 *(.jumptables*)
 *(.lowtext)
 *(.lowtext*)
                0x00000054                __ctors_start = .
 *(.ctors)
                0x00000054                __ctors_end = .
                0x00000054                __dtors_start = .
 *(.dtors)
                0x00000054                __dtors_end = .
 SORT(*)(.ctors)
 SORT(*)(.dtors)
 *(.init0)
 .init0         0x00000054        0x0 d:/embeded systems/imt course/imt tools/01 imt sdk/imt_sdk_win_64/winavr/bin/../lib/gcc/avr/4.3.3/../../../../avr/lib/avr5/crtm32.o
                0x00000054                __init
 *(.init0)
 *(.init1)
 *(.init1)
 *(.init2)
 .init2         0x00000054        0xc d:/embeded systems/imt course/imt tools/01 imt sdk/imt_sdk_win_64/winavr/bin/../lib/gcc/avr/4.3.3/../../../../avr/lib/avr5/crtm32.o
 *(.init2)
 *(.init3)
 *(.init3)
 *(.init4)
 .init4         0x00000060       0x16 d:/embeded systems/imt course/imt tools/01 imt sdk/imt_sdk_win_64/winavr/bin/../lib/gcc/avr/4.3.3/avr5\libgcc.a(_copy_data.o)
                0x00000060                __do_copy_data
 .init4         0x00000076       0x10 d:/embeded systems/imt course/imt tools/01 imt sdk/imt_sdk_win_64/winavr/bin/../lib/gcc/avr/4.3.3/avr5\libgcc.a(_clear_bss.o)
                0x00000076                __do_clear_bss
 *(.init4)
 *(.init5)
 *(.init5)
 *(.init6)
 *(.init6)
 *(.init7)
 *(.init7)
 *(.init8)
 *(.init8)
 *(.init9)
 .init9         0x00000086        0x8 d:/embeded systems/imt course/imt tools/01 imt sdk/imt_sdk_win_64/winavr/bin/../lib/gcc/avr/4.3.3/../../../../avr/lib/avr5/crtm32.o
 *(.init9)
 *(.text)
 .text          0x0000008e        0x4 d:/embeded systems/imt course/imt tools/01 imt sdk/imt_sdk_win_64/winavr/bin/../lib/gcc/avr/4.3.3/../../../../avr/lib/avr5/crtm32.o
                0x0000008e                __bad_interrupt
                0x0000008e                __vector_17
                0x0000008e                __vector_19
                0x0000008e                __vector_7
                0x0000008e                __vector_8
                0x0000008e                __vector_18
                0x0000008e                __vector_20
 .text          0x00000092        0x0 ./RTOS_STACK/TMU/RTOS_prg.o
 .text          0x00000092        0x0 ./MCAL/WDT/WDT_prg.o
 .text          0x00000092        0x0 ./MCAL/UART/UART_prg.o
 .text          0x00000092        0x0 ./MCAL/TIMER/TIMER_prg.o
 .text          0x00000092        0x0 ./MCAL/SPI/SPI_prg.o
 .text          0x00000092        0x0 ./MCAL/I2C/I2C_prg.o
 .text          0x00000092        0x0 ./MCAL/GIE/GIE_prg.o
 .text          0x00000092        0x0 ./MCAL/EXI/EXI_prg.o
 .text          0x00000092        0x0 ./MCAL/DIO/DIO_prg.o
 .text          0x00000092        0x0 ./MCAL/ADC/ADC_prg.o
 .text          0x00000092        0x0 ./HAL/TRANSISTORS/TRANSISTORS_prg.o
 .text          0x00000092        0x0 ./HAL/TEMPS/TEMPS_prg.o
 .text          0x00000092        0x0 ./HAL/SWITCHES/SWITCHES_prg.o
 .text          0x00000092        0x0 ./HAL/STM/STM_prg.o
 .text          0x00000092        0x0 ./HAL/SSD/SSD_prg.o
 .text          0x00000092        0x0 ./HAL/SERVO/SERVO_prg.o
 .text          0x00000092        0x0 ./HAL/LED/LED_prg.o
 .text          0x00000092        0x0 ./HAL/LDR/LDR_prg.o
 .text          0x00000092        0x0 ./HAL/LCD/LCD_prg.o
 .text          0x00000092        0x0 ./HAL/KEYPAD/KEYPAD_prg.o
 .text          0x00000092        0x0 ./HAL/EEPROM/EEPROM_prg.o
 .text          0x00000092        0x0 ./HAL/DCM/DCM_prg.o
 .text          0x00000092        0x0 ./APP/main.o
 .text          0x00000092        0x0 ./APP/mainICU.o
 .text          0x00000092        0x0 d:/embeded systems/imt course/imt tools/01 imt sdk/imt_sdk_win_64/winavr/bin/../lib/gcc/avr/4.3.3/avr5\libgcc.a(_udivmodsi4.o)
 .text          0x00000092        0x0 d:/embeded systems/imt course/imt tools/01 imt sdk/imt_sdk_win_64/winavr/bin/../lib/gcc/avr/4.3.3/avr5\libgcc.a(_exit.o)
 .text          0x00000092        0x0 d:/embeded systems/imt course/imt tools/01 imt sdk/imt_sdk_win_64/winavr/bin/../lib/gcc/avr/4.3.3/avr5\libgcc.a(_copy_data.o)
 .text          0x00000092        0x0 d:/embeded systems/imt course/imt tools/01 imt sdk/imt_sdk_win_64/winavr/bin/../lib/gcc/avr/4.3.3/avr5\libgcc.a(_clear_bss.o)
 .text          0x00000092       0x58 d:/embeded systems/imt course/imt tools/01 imt sdk/imt_sdk_win_64/winavr/bin/../lib/gcc/avr/4.3.3/avr5\libgcc.a(_fixunssfsi.o)
                0x00000092                __fixunssfsi
 .text          0x000000ea      0x354 d:/embeded systems/imt course/imt tools/01 imt sdk/imt_sdk_win_64/winavr/bin/../lib/gcc/avr/4.3.3/avr5\libgcc.a(_addsub_sf.o)
                0x00000382                __subsf3
                0x000003e4                __addsf3
 .text          0x0000043e      0x1f4 d:/embeded systems/imt course/imt tools/01 imt sdk/imt_sdk_win_64/winavr/bin/../lib/gcc/avr/4.3.3/avr5\libgcc.a(_mul_sf.o)
                0x0000043e                __mulsf3
 .text          0x00000632      0x158 d:/embeded systems/imt course/imt tools/01 imt sdk/imt_sdk_win_64/winavr/bin/../lib/gcc/avr/4.3.3/avr5\libgcc.a(_div_sf.o)
                0x00000632                __divsf3
 .text          0x0000078a       0x60 d:/embeded systems/imt course/imt tools/01 imt sdk/imt_sdk_win_64/winavr/bin/../lib/gcc/avr/4.3.3/avr5\libgcc.a(_gt_sf.o)
                0x0000078a                __gtsf2
 .text          0x000007ea       0x60 d:/embeded systems/imt course/imt tools/01 imt sdk/imt_sdk_win_64/winavr/bin/../lib/gcc/avr/4.3.3/avr5\libgcc.a(_ge_sf.o)
                0x000007ea                __gesf2
 .text          0x0000084a       0x60 d:/embeded systems/imt course/imt tools/01 imt sdk/imt_sdk_win_64/winavr/bin/../lib/gcc/avr/4.3.3/avr5\libgcc.a(_lt_sf.o)
                0x0000084a                __ltsf2
 .text          0x000008aa       0xbc d:/embeded systems/imt course/imt tools/01 imt sdk/imt_sdk_win_64/winavr/bin/../lib/gcc/avr/4.3.3/avr5\libgcc.a(_si_to_sf.o)
                0x000008aa                __floatsisf
 .text          0x00000966       0xa8 d:/embeded systems/imt course/imt tools/01 imt sdk/imt_sdk_win_64/winavr/bin/../lib/gcc/avr/4.3.3/avr5\libgcc.a(_sf_to_si.o)
                0x00000966                __fixsfsi
 .text          0x00000a0e        0x0 d:/embeded systems/imt course/imt tools/01 imt sdk/imt_sdk_win_64/winavr/bin/../lib/gcc/avr/4.3.3/avr5\libgcc.a(_thenan_sf.o)
 .text          0x00000a0e       0xf2 d:/embeded systems/imt course/imt tools/01 imt sdk/imt_sdk_win_64/winavr/bin/../lib/gcc/avr/4.3.3/avr5\libgcc.a(_usi_to_sf.o)
                0x00000a0e                __floatunsisf
 .text          0x00000b00        0x0 d:/embeded systems/imt course/imt tools/01 imt sdk/imt_sdk_win_64/winavr/bin/../lib/gcc/avr/4.3.3/avr5\libgcc.a(_prologue.o)
 .text          0x00000b00        0x0 d:/embeded systems/imt course/imt tools/01 imt sdk/imt_sdk_win_64/winavr/bin/../lib/gcc/avr/4.3.3/avr5\libgcc.a(_epilogue.o)
 .text          0x00000b00       0x9e d:/embeded systems/imt course/imt tools/01 imt sdk/imt_sdk_win_64/winavr/bin/../lib/gcc/avr/4.3.3/avr5\libgcc.a(_clzsi2.o)
                0x00000b00                __clzsi2
 .text          0x00000b9e      0x1aa d:/embeded systems/imt course/imt tools/01 imt sdk/imt_sdk_win_64/winavr/bin/../lib/gcc/avr/4.3.3/avr5\libgcc.a(_pack_sf.o)
                0x00000b9e                __pack_f
 .text          0x00000d48       0xf0 d:/embeded systems/imt course/imt tools/01 imt sdk/imt_sdk_win_64/winavr/bin/../lib/gcc/avr/4.3.3/avr5\libgcc.a(_unpack_sf.o)
                0x00000d48                __unpack_f
 .text          0x00000e38       0xb2 d:/embeded systems/imt course/imt tools/01 imt sdk/imt_sdk_win_64/winavr/bin/../lib/gcc/avr/4.3.3/avr5\libgcc.a(_fpcmp_parts_sf.o)
                0x00000e38                __fpcmp_parts_f
 .text          0x00000eea        0x0 d:/embeded systems/imt course/imt tools/01 imt sdk/imt_sdk_win_64/winavr/bin/../lib/gcc/avr/4.3.3/avr5\libgcc.a(_clz.o)
 .text          0x00000eea        0x0 d:/embeded systems/imt course/imt tools/01 imt sdk/imt_sdk_win_64/winavr/bin/../lib/gcc/avr/4.3.3/../../../../avr/lib/avr5\libc.a(sprintf.o)
 .text          0x00000eea        0x0 d:/embeded systems/imt course/imt tools/01 imt sdk/imt_sdk_win_64/winavr/bin/../lib/gcc/avr/4.3.3/../../../../avr/lib/avr5\libc.a(round.o)
 .text          0x00000eea        0x0 d:/embeded systems/imt course/imt tools/01 imt sdk/imt_sdk_win_64/winavr/bin/../lib/gcc/avr/4.3.3/../../../../avr/lib/avr5\libc.a(vfprintf_std.o)
 .text          0x00000eea        0x0 d:/embeded systems/imt course/imt tools/01 imt sdk/imt_sdk_win_64/winavr/bin/../lib/gcc/avr/4.3.3/../../../../avr/lib/avr5\libc.a(strnlen_P.o)
 .text          0x00000eea        0x0 d:/embeded systems/imt course/imt tools/01 imt sdk/imt_sdk_win_64/winavr/bin/../lib/gcc/avr/4.3.3/../../../../avr/lib/avr5\libc.a(strnlen.o)
 .text          0x00000eea        0x0 d:/embeded systems/imt course/imt tools/01 imt sdk/imt_sdk_win_64/winavr/bin/../lib/gcc/avr/4.3.3/../../../../avr/lib/avr5\libc.a(fputc.o)
 .text          0x00000eea        0x0 d:/embeded systems/imt course/imt tools/01 imt sdk/imt_sdk_win_64/winavr/bin/../lib/gcc/avr/4.3.3/../../../../avr/lib/avr5\libc.a(ultoa_invert.o)
 .text          0x00000eea        0x0 d:/embeded systems/imt course/imt tools/01 imt sdk/imt_sdk_win_64/winavr/bin/../lib/gcc/avr/4.3.3/../../../../avr/lib/avr5\libc.a(fp_mintl.o)
 .text          0x00000eea        0x0 d:/embeded systems/imt course/imt tools/01 imt sdk/imt_sdk_win_64/winavr/bin/../lib/gcc/avr/4.3.3/../../../../avr/lib/avr5\libc.a(fp_mpack.o)
 .text          0x00000eea        0x0 d:/embeded systems/imt course/imt tools/01 imt sdk/imt_sdk_win_64/winavr/bin/../lib/gcc/avr/4.3.3/../../../../avr/lib/avr5\libc.a(fp_split3.o)
 .text          0x00000eea        0x0 d:/embeded systems/imt course/imt tools/01 imt sdk/imt_sdk_win_64/winavr/bin/../lib/gcc/avr/4.3.3/../../../../avr/lib/avr5\libc.a(fp_zero.o)
                0x00000eea                . = ALIGN (0x2)
 *(.text.*)
 .text.RTOS_vStartSchedular
                0x00000eea       0x14 ./RTOS_STACK/TMU/RTOS_prg.o
                0x00000eea                RTOS_vStartSchedular
 .text.RTOS_vInit
                0x00000efe       0x20 ./RTOS_STACK/TMU/RTOS_prg.o
                0x00000efe                RTOS_vInit
 .text.RTOS_vCreateTask
                0x00000f1e       0x62 ./RTOS_STACK/TMU/RTOS_prg.o
                0x00000f1e                RTOS_vCreateTask
 .text.RTOS_vScheduler
                0x00000f80       0xb8 ./RTOS_STACK/TMU/RTOS_prg.o
 .text.WDT_vEnable
                0x00001038       0x1c ./MCAL/WDT/WDT_prg.o
                0x00001038                WDT_vEnable
 .text.WDT_vDisable
                0x00001054       0x1c ./MCAL/WDT/WDT_prg.o
                0x00001054                WDT_vDisable
 .text.WDT_vSetSleep
                0x00001070       0x32 ./MCAL/WDT/WDT_prg.o
                0x00001070                WDT_vSetSleep
 .text.UART_vInit
                0x000010a2       0x88 ./MCAL/UART/UART_prg.o
                0x000010a2                UART_vInit
 .text.UART_vSendData
                0x0000112a       0x2e ./MCAL/UART/UART_prg.o
                0x0000112a                UART_vSendData
 .text.UART_vSendDataAsync
                0x00001158       0x2c ./MCAL/UART/UART_prg.o
                0x00001158                UART_vSendDataAsync
 .text.UART_vSendString
                0x00001184       0x6c ./MCAL/UART/UART_prg.o
                0x00001184                UART_vSendString
 .text.UART_u8GetData
                0x000011f0       0x1e ./MCAL/UART/UART_prg.o
                0x000011f0                UART_u8GetData
 .text.UART_vGetString
                0x0000120e       0x8a ./MCAL/UART/UART_prg.o
                0x0000120e                UART_vGetString
 .text.UART_u8GetDataAsync
                0x00001298       0x36 ./MCAL/UART/UART_prg.o
                0x00001298                UART_u8GetDataAsync
 .text.__vector_13
                0x000012ce       0x60 ./MCAL/UART/UART_prg.o
                0x000012ce                __vector_13
 .text.__vector_14
                0x0000132e       0x36 ./MCAL/UART/UART_prg.o
                0x0000132e                __vector_14
 .text.__vector_15
                0x00001364       0x20 ./MCAL/UART/UART_prg.o
                0x00001364                __vector_15
 .text.TIMER_vInit
                0x00001384       0xea ./MCAL/TIMER/TIMER_prg.o
                0x00001384                TIMER_vInit
 .text.TIMER_vSetPreLoad
                0x0000146e       0x6a ./MCAL/TIMER/TIMER_prg.o
                0x0000146e                TIMER_vSetPreLoad
 .text.TIMER_vSetOcrValue
                0x000014d8       0x6a ./MCAL/TIMER/TIMER_prg.o
                0x000014d8                TIMER_vSetOcrValue
 .text.TIMER_vSetOCR1AWValue
                0x00001542       0x24 ./MCAL/TIMER/TIMER_prg.o
                0x00001542                TIMER_vSetOCR1AWValue
 .text.TIMER_vSetOCR1BWValue
                0x00001566       0x24 ./MCAL/TIMER/TIMER_prg.o
                0x00001566                TIMER_vSetOCR1BWValue
 .text.TIMER_vSetICR1WValue
                0x0000158a       0x24 ./MCAL/TIMER/TIMER_prg.o
                0x0000158a                TIMER_vSetICR1WValue
 .text.TIMER_vDelayMS
                0x000015ae      0x1d6 ./MCAL/TIMER/TIMER_prg.o
                0x000015ae                TIMER_vDelayMS
 .text.TIMER_vPWMSignal
                0x00001784       0xac ./MCAL/TIMER/TIMER_prg.o
                0x00001784                TIMER_vPWMSignal
 .text.TIMER_u16GetICU
                0x00001830       0x16 ./MCAL/TIMER/TIMER_prg.o
                0x00001830                TIMER_u16GetICU
 .text.TIMER_vsetCallBackFunctionOvfTIMER1
                0x00001846       0x24 ./MCAL/TIMER/TIMER_prg.o
                0x00001846                TIMER_vsetCallBackFunctionOvfTIMER1
 .text.TIMER_vsetCallBackFunctionIcuTIMER1
                0x0000186a       0x24 ./MCAL/TIMER/TIMER_prg.o
                0x0000186a                TIMER_vsetCallBackFunctionIcuTIMER1
 .text.TIMER_vCongfigureICU
                0x0000188e       0xa4 ./MCAL/TIMER/TIMER_prg.o
                0x0000188e                TIMER_vCongfigureICU
 .text.TIMER_vDisableIntICU
                0x00001932       0x1c ./MCAL/TIMER/TIMER_prg.o
                0x00001932                TIMER_vDisableIntICU
 .text.TIMER_vSetTriggeringICU
                0x0000194e       0x56 ./MCAL/TIMER/TIMER_prg.o
                0x0000194e                TIMER_vSetTriggeringICU
 .text.__vector_10
                0x000019a4       0xba ./MCAL/TIMER/TIMER_prg.o
                0x000019a4                __vector_10
 .text.__vector_11
                0x00001a5e       0xd4 ./MCAL/TIMER/TIMER_prg.o
                0x00001a5e                __vector_11
 .text.__vector_4
                0x00001b32       0xba ./MCAL/TIMER/TIMER_prg.o
                0x00001b32                __vector_4
 .text.__vector_5
                0x00001bec       0xd4 ./MCAL/TIMER/TIMER_prg.o
                0x00001bec                __vector_5
 .text.__vector_6
                0x00001cc0       0x5a ./MCAL/TIMER/TIMER_prg.o
                0x00001cc0                __vector_6
 .text.__vector_9
                0x00001d1a       0x5a ./MCAL/TIMER/TIMER_prg.o
                0x00001d1a                __vector_9
 .text.SPI_vMasterInit
                0x00001d74       0x98 ./MCAL/SPI/SPI_prg.o
                0x00001d74                SPI_vMasterInit
 .text.SPI_vSlaveInit
                0x00001e0c       0x98 ./MCAL/SPI/SPI_prg.o
                0x00001e0c                SPI_vSlaveInit
 .text.SPI_u8Traceiver
                0x00001ea4       0x2c ./MCAL/SPI/SPI_prg.o
                0x00001ea4                SPI_u8Traceiver
 .text.SPI_vTransmitData
                0x00001ed0       0x26 ./MCAL/SPI/SPI_prg.o
                0x00001ed0                SPI_vTransmitData
 .text.SPI_vTransmitString
                0x00001ef6       0x6c ./MCAL/SPI/SPI_prg.o
                0x00001ef6                SPI_vTransmitString
 .text.SPI_u8ReceiveData
                0x00001f62       0x1e ./MCAL/SPI/SPI_prg.o
                0x00001f62                SPI_u8ReceiveData
 .text.SPI_vReciceveDataAsync
                0x00001f80       0x36 ./MCAL/SPI/SPI_prg.o
                0x00001f80                SPI_vReciceveDataAsync
 .text.__vector_12
                0x00001fb6       0x60 ./MCAL/SPI/SPI_prg.o
                0x00001fb6                __vector_12
 .text.I2C_vMasterInit
                0x00002016       0x56 ./MCAL/I2C/I2C_prg.o
                0x00002016                I2C_vMasterInit
 .text.I2C_vSlaveInit
                0x0000206c       0x2c ./MCAL/I2C/I2C_prg.o
                0x0000206c                I2C_vSlaveInit
 .text.I2C_SendStartCondition
                0x00002098       0x40 ./MCAL/I2C/I2C_prg.o
                0x00002098                I2C_SendStartCondition
 .text.I2C_SendRepeatedStart
                0x000020d8       0x40 ./MCAL/I2C/I2C_prg.o
                0x000020d8                I2C_SendRepeatedStart
 .text.I2C_MasterWriteDataByte
                0x00002118       0x4c ./MCAL/I2C/I2C_prg.o
                0x00002118                I2C_MasterWriteDataByte
 .text.I2C_MasterReadDataByteNACK
                0x00002164       0x58 ./MCAL/I2C/I2C_prg.o
                0x00002164                I2C_MasterReadDataByteNACK
 .text.I2C_MasterReadDataByteACK
                0x000021bc       0x6a ./MCAL/I2C/I2C_prg.o
                0x000021bc                I2C_MasterReadDataByteACK
 .text.I2C_SendSlaveAddressWithWrite
                0x00002226       0x5c ./MCAL/I2C/I2C_prg.o
                0x00002226                I2C_SendSlaveAddressWithWrite
 .text.I2C_SendSlaveAddressWithRead
                0x00002282       0x5c ./MCAL/I2C/I2C_prg.o
                0x00002282                I2C_SendSlaveAddressWithRead
 .text.I2C_SendStopCondition
                0x000022de       0x16 ./MCAL/I2C/I2C_prg.o
                0x000022de                I2C_SendStopCondition
 .text.GIE_vSetGlobalInterrupt
                0x000022f4       0x1c ./MCAL/GIE/GIE_prg.o
                0x000022f4                GIE_vSetGlobalInterrupt
 .text.GIE_vDisableGlobalInterrupt
                0x00002310       0x1c ./MCAL/GIE/GIE_prg.o
                0x00002310                GIE_vDisableGlobalInterrupt
 .text.EXI_vINT0_Init
                0x0000232c       0x40 ./MCAL/EXI/EXI_prg.o
                0x0000232c                EXI_vINT0_Init
 .text.EXI_vINT1_Init
                0x0000236c       0x40 ./MCAL/EXI/EXI_prg.o
                0x0000236c                EXI_vINT1_Init
 .text.EXI_vINT2_Init
                0x000023ac       0x3e ./MCAL/EXI/EXI_prg.o
                0x000023ac                EXI_vINT2_Init
 .text.EXI_vRegFunc
                0x000023ea       0x72 ./MCAL/EXI/EXI_prg.o
                0x000023ea                EXI_vRegFunc
 .text.__vector_1
                0x0000245c       0x5a ./MCAL/EXI/EXI_prg.o
                0x0000245c                __vector_1
 .text.__vector_2
                0x000024b6       0x5a ./MCAL/EXI/EXI_prg.o
                0x000024b6                __vector_2
 .text.__vector_3
                0x00002510       0x5a ./MCAL/EXI/EXI_prg.o
                0x00002510                __vector_3
 .text.DIO_vSetPinDir
                0x0000256a      0x176 ./MCAL/DIO/DIO_prg.o
                0x0000256a                DIO_vSetPinDir
 .text.DIO_vSetPinVal
                0x000026e0      0x176 ./MCAL/DIO/DIO_prg.o
                0x000026e0                DIO_vSetPinVal
 .text.DIO_vTogPinVal
                0x00002856       0xfa ./MCAL/DIO/DIO_prg.o
                0x00002856                DIO_vTogPinVal
 .text.DIO_u8GetPinVal
                0x00002950       0xf2 ./MCAL/DIO/DIO_prg.o
                0x00002950                DIO_u8GetPinVal
 .text.DIO_vSetPortDir
                0x00002a42       0x82 ./MCAL/DIO/DIO_prg.o
                0x00002a42                DIO_vSetPortDir
 .text.DIO_vSetPortVal
                0x00002ac4       0x82 ./MCAL/DIO/DIO_prg.o
                0x00002ac4                DIO_vSetPortVal
 .text.DIO_vTogPortVal
                0x00002b46       0x96 ./MCAL/DIO/DIO_prg.o
                0x00002b46                DIO_vTogPortVal
 .text.DIO_u8GetPortVal
                0x00002bdc       0x82 ./MCAL/DIO/DIO_prg.o
                0x00002bdc                DIO_u8GetPortVal
 .text.ADC_vInit
                0x00002c5e       0x54 ./MCAL/ADC/ADC_prg.o
                0x00002c5e                ADC_vInit
 .text.ADC_u16ReadDigitalDataSync
                0x00002cb2       0x62 ./MCAL/ADC/ADC_prg.o
                0x00002cb2                ADC_u16ReadDigitalDataSync
 .text.ADC_vReadDigitalDataAsync
                0x00002d14       0x5a ./MCAL/ADC/ADC_prg.o
                0x00002d14                ADC_vReadDigitalDataAsync
 .text.__vector_16
                0x00002d6e       0x72 ./MCAL/ADC/ADC_prg.o
                0x00002d6e                __vector_16
 .text.TRANSISTOR_vInit
                0x00002de0       0x86 ./HAL/TRANSISTORS/TRANSISTORS_prg.o
                0x00002de0                TRANSISTOR_vInit
 .text.TRANSISTOR_vTurnOn
                0x00002e66       0x86 ./HAL/TRANSISTORS/TRANSISTORS_prg.o
                0x00002e66                TRANSISTOR_vTurnOn
 .text.TRANSISTOR_vTurnOff
                0x00002eec       0x86 ./HAL/TRANSISTORS/TRANSISTORS_prg.o
                0x00002eec                TRANSISTOR_vTurnOff
 .text.TEMPS_vInit
                0x00002f72       0x12 ./HAL/TEMPS/TEMPS_prg.o
                0x00002f72                TEMPS_vInit
 .text.TEMPS_f32GetTemp
                0x00002f84       0xa2 ./HAL/TEMPS/TEMPS_prg.o
                0x00002f84                TEMPS_f32GetTemp
 .text.SWT_vInit
                0x00003026      0x1a8 ./HAL/SWITCHES/SWITCHES_prg.o
                0x00003026                SWT_vInit
 .text.SWT_vInitAllSwt
                0x000031ce       0x3e ./HAL/SWITCHES/SWITCHES_prg.o
                0x000031ce                SWT_vInitAllSwt
 .text.SWT_u8ReadSwt
                0x0000320c       0xf0 ./HAL/SWITCHES/SWITCHES_prg.o
                0x0000320c                SWT_u8ReadSwt
 .text.SWT_u8ReadAllSwt
                0x000032fc       0xb2 ./HAL/SWITCHES/SWITCHES_prg.o
                0x000032fc                SWT_u8ReadAllSwt
 .text.STM_vInit
                0x000033ae       0x36 ./HAL/STM/STM_prg.o
                0x000033ae                STM_vInit
 .text.STM_vSetStepMode
                0x000033e4       0x1a ./HAL/STM/STM_prg.o
                0x000033e4                STM_vSetStepMode
 .text.STM_vSetMotorSpeedRPM
                0x000033fe      0x102 ./HAL/STM/STM_prg.o
                0x000033fe                STM_vSetMotorSpeedRPM
 .text.STM_vMoveCycle
                0x00003500      0x776 ./HAL/STM/STM_prg.o
                0x00003500                STM_vMoveCycle
 .text.STM_vMove
                0x00003c76      0x9ee ./HAL/STM/STM_prg.o
                0x00003c76                STM_vMove
 .text.SSD_vInit
                0x00004664       0x82 ./HAL/SSD/SSD_prg.o
                0x00004664                SSD_vInit
 .text.SSD_vTurnOn
                0x000046e6       0x4e ./HAL/SSD/SSD_prg.o
                0x000046e6                SSD_vTurnOn
 .text.SSD_vTurnOff
                0x00004734       0x4e ./HAL/SSD/SSD_prg.o
                0x00004734                SSD_vTurnOff
 .text.SSD_vDisplayNumber
                0x00004782       0x6a ./HAL/SSD/SSD_prg.o
                0x00004782                SSD_vDisplayNumber
 .text.SSD_vTurnOnRightSide
                0x000047ec      0x282 ./HAL/SSD/SSD_prg.o
                0x000047ec                SSD_vTurnOnRightSide
 .text.SSD_vTurnOnLeftSide
                0x00004a6e      0x45c ./HAL/SSD/SSD_prg.o
                0x00004a6e                SSD_vTurnOnLeftSide
 .text.SERVO_vInit
                0x00004eca       0x1e ./HAL/SERVO/SERVO_prg.o
                0x00004eca                SERVO_vInit
 .text.SERVO_vMoveToInitialAngle
                0x00004ee8       0x1c ./HAL/SERVO/SERVO_prg.o
                0x00004ee8                SERVO_vMoveToInitialAngle
 .text.SERVO_vMoveToAngle
                0x00004f04       0xd8 ./HAL/SERVO/SERVO_prg.o
                0x00004f04                SERVO_vMoveToAngle
 .text.LED_vInit
                0x00004fdc       0xde ./HAL/LED/LED_prg.o
                0x00004fdc                LED_vInit
 .text.LED_vTurnOn
                0x000050ba       0xde ./HAL/LED/LED_prg.o
                0x000050ba                LED_vTurnOn
 .text.LED_vTurnOff
                0x00005198       0xde ./HAL/LED/LED_prg.o
                0x00005198                LED_vTurnOff
 .text.LDR_vInit
                0x00005276       0x12 ./HAL/LDR/LDR_prg.o
                0x00005276                LDR_vInit
 .text.LDR_f32GetLuxValue
                0x00005288       0xfe ./HAL/LDR/LDR_prg.o
                0x00005288                LDR_f32GetLuxValue
 .text.LCD_vInit
                0x00005386      0x5ac ./HAL/LCD/LCD_prg.o
                0x00005386                LCD_vInit
 .text.LCD_vWriteCommand
                0x00005932       0x44 ./HAL/LCD/LCD_prg.o
 .text.LCD_vDisplayString
                0x00005976      0x36c ./HAL/LCD/LCD_prg.o
                0x00005976                LCD_vDisplayString
 .text.LCD_vDisplayChar
                0x00005ce2       0x44 ./HAL/LCD/LCD_prg.o
                0x00005ce2                LCD_vDisplayChar
 .text.LCD_vDisplayNumInteger
                0x00005d26       0x80 ./HAL/LCD/LCD_prg.o
                0x00005d26                LCD_vDisplayNumInteger
 .text.LCD_vDisplayNumFloat
                0x00005da6       0x80 ./HAL/LCD/LCD_prg.o
                0x00005da6                LCD_vDisplayNumFloat
 .text.LCD_vClearDisplay
                0x00005e26      0x110 ./HAL/LCD/LCD_prg.o
                0x00005e26                LCD_vClearDisplay
 .text.LCD_vSetPostion
                0x00005f36       0x4e ./HAL/LCD/LCD_prg.o
                0x00005f36                LCD_vSetPostion
 .text.LCD_vShiftRight
                0x00005f84       0x50 ./HAL/LCD/LCD_prg.o
                0x00005f84                LCD_vShiftRight
 .text.LCD_vShiftLeft
                0x00005fd4       0x50 ./HAL/LCD/LCD_prg.o
                0x00005fd4                LCD_vShiftLeft
 .text.LCD_vReturnHome
                0x00006024      0x110 ./HAL/LCD/LCD_prg.o
                0x00006024                LCD_vReturnHome
 .text.LCD_vWriteSpecialChar
                0x00006134       0x82 ./HAL/LCD/LCD_prg.o
                0x00006134                LCD_vWriteSpecialChar
 .text.KP_vInit
                0x000061b6       0xc2 ./HAL/KEYPAD/KEYPAD_prg.o
                0x000061b6                KP_vInit
 .text.KP_u8ReadKP
                0x00006278      0x25c ./HAL/KEYPAD/KEYPAD_prg.o
                0x00006278                KP_u8ReadKP
 .text.EEPROM_Init
                0x000064d4       0x14 ./HAL/EEPROM/EEPROM_prg.o
                0x000064d4                EEPROM_Init
 .text.EEPROM_sendDataByte
                0x000064e8       0x4a ./HAL/EEPROM/EEPROM_prg.o
                0x000064e8                EEPROM_sendDataByte
 .text.EEPROM_readDataByte
                0x00006532       0x62 ./HAL/EEPROM/EEPROM_prg.o
                0x00006532                EEPROM_readDataByte
 .text.DCM_vInit
                0x00006594       0x1a ./HAL/DCM/DCM_prg.o
                0x00006594                DCM_vInit
 .text.DCM_vSetDirection
                0x000065ae       0x68 ./HAL/DCM/DCM_prg.o
                0x000065ae                DCM_vSetDirection
 .text.TASK_1   0x00006616       0x16 ./APP/main.o
                0x00006616                TASK_1
 .text.TASK_2   0x0000662c       0x16 ./APP/main.o
                0x0000662c                TASK_2
 .text.TASK_3   0x00006642       0x16 ./APP/main.o
                0x00006642                TASK_3
 .text.main     0x00006658       0x60 ./APP/main.o
                0x00006658                main
 .text.mainICU  0x000066b8      0x120 ./APP/mainICU.o
                0x000066b8                mainICU
 .text.ICU_HW   0x000067d8      0x14a ./APP/mainICU.o
                0x000067d8                ICU_HW
 .text.TIM1_OVF
                0x00006922       0x20 ./APP/mainICU.o
                0x00006922                TIM1_OVF
 .text.libgcc   0x00006942       0x44 d:/embeded systems/imt course/imt tools/01 imt sdk/imt_sdk_win_64/winavr/bin/../lib/gcc/avr/4.3.3/avr5\libgcc.a(_udivmodsi4.o)
                0x00006942                __udivmodsi4
 .text.libgcc   0x00006986        0x0 d:/embeded systems/imt course/imt tools/01 imt sdk/imt_sdk_win_64/winavr/bin/../lib/gcc/avr/4.3.3/avr5\libgcc.a(_exit.o)
 .text.libgcc   0x00006986        0x0 d:/embeded systems/imt course/imt tools/01 imt sdk/imt_sdk_win_64/winavr/bin/../lib/gcc/avr/4.3.3/avr5\libgcc.a(_copy_data.o)
 .text.libgcc   0x00006986        0x0 d:/embeded systems/imt course/imt tools/01 imt sdk/imt_sdk_win_64/winavr/bin/../lib/gcc/avr/4.3.3/avr5\libgcc.a(_clear_bss.o)
 .text.libgcc   0x00006986       0x38 d:/embeded systems/imt course/imt tools/01 imt sdk/imt_sdk_win_64/winavr/bin/../lib/gcc/avr/4.3.3/avr5\libgcc.a(_prologue.o)
                0x00006986                __prologue_saves__
 .text.libgcc   0x000069be       0x36 d:/embeded systems/imt course/imt tools/01 imt sdk/imt_sdk_win_64/winavr/bin/../lib/gcc/avr/4.3.3/avr5\libgcc.a(_epilogue.o)
                0x000069be                __epilogue_restores__
 .text.avr-libc
                0x000069f4       0x48 d:/embeded systems/imt course/imt tools/01 imt sdk/imt_sdk_win_64/winavr/bin/../lib/gcc/avr/4.3.3/../../../../avr/lib/avr5\libc.a(sprintf.o)
                0x000069f4                sprintf
 .text.avr-libc.fplib
                0x00006a3c       0x40 d:/embeded systems/imt course/imt tools/01 imt sdk/imt_sdk_win_64/winavr/bin/../lib/gcc/avr/4.3.3/../../../../avr/lib/avr5\libc.a(round.o)
                0x00006a3c                round
 .text.avr-libc
                0x00006a7c      0x3ba d:/embeded systems/imt course/imt tools/01 imt sdk/imt_sdk_win_64/winavr/bin/../lib/gcc/avr/4.3.3/../../../../avr/lib/avr5\libc.a(vfprintf_std.o)
                0x00006a7c                vfprintf
 .text.avr-libc
                0x00006e36       0x16 d:/embeded systems/imt course/imt tools/01 imt sdk/imt_sdk_win_64/winavr/bin/../lib/gcc/avr/4.3.3/../../../../avr/lib/avr5\libc.a(strnlen_P.o)
                0x00006e36                strnlen_P
 .text.avr-libc
                0x00006e4c       0x16 d:/embeded systems/imt course/imt tools/01 imt sdk/imt_sdk_win_64/winavr/bin/../lib/gcc/avr/4.3.3/../../../../avr/lib/avr5\libc.a(strnlen.o)
                0x00006e4c                strnlen
 .text.avr-libc
                0x00006e62       0x58 d:/embeded systems/imt course/imt tools/01 imt sdk/imt_sdk_win_64/winavr/bin/../lib/gcc/avr/4.3.3/../../../../avr/lib/avr5\libc.a(fputc.o)
                0x00006e62                fputc
 .text.avr-libc
                0x00006eba       0xbc d:/embeded systems/imt course/imt tools/01 imt sdk/imt_sdk_win_64/winavr/bin/../lib/gcc/avr/4.3.3/../../../../avr/lib/avr5\libc.a(ultoa_invert.o)
                0x00006eba                __ultoa_invert
 .text.avr-libc.fplib
                0x00006f76       0x36 d:/embeded systems/imt course/imt tools/01 imt sdk/imt_sdk_win_64/winavr/bin/../lib/gcc/avr/4.3.3/../../../../avr/lib/avr5\libc.a(fp_mintl.o)
                0x00006f76                __fp_mintl
 .text.avr-libc.fplib
                0x00006fac       0x1c d:/embeded systems/imt course/imt tools/01 imt sdk/imt_sdk_win_64/winavr/bin/../lib/gcc/avr/4.3.3/../../../../avr/lib/avr5\libc.a(fp_mpack.o)
                0x00006fb0                __fp_mpack_finite
                0x00006fac                __fp_mpack
 .text.avr-libc.fplib
                0x00006fc8       0x44 d:/embeded systems/imt course/imt tools/01 imt sdk/imt_sdk_win_64/winavr/bin/../lib/gcc/avr/4.3.3/../../../../avr/lib/avr5\libc.a(fp_split3.o)
                0x00006fc8                __fp_split3
                0x00006fd8                __fp_splitA
 .text.avr-libc.fplib
                0x0000700c        0xe d:/embeded systems/imt course/imt tools/01 imt sdk/imt_sdk_win_64/winavr/bin/../lib/gcc/avr/4.3.3/../../../../avr/lib/avr5\libc.a(fp_zero.o)
                0x0000700c                __fp_zero
                0x0000700e                __fp_szero
                0x0000701a                . = ALIGN (0x2)
 *(.fini9)
 .fini9         0x0000701a        0x0 d:/embeded systems/imt course/imt tools/01 imt sdk/imt_sdk_win_64/winavr/bin/../lib/gcc/avr/4.3.3/avr5\libgcc.a(_exit.o)
                0x0000701a                exit
                0x0000701a                _exit
 *(.fini9)
 *(.fini8)
 *(.fini8)
 *(.fini7)
 *(.fini7)
 *(.fini6)
 *(.fini6)
 *(.fini5)
 *(.fini5)
 *(.fini4)
 *(.fini4)
 *(.fini3)
 *(.fini3)
 *(.fini2)
 *(.fini2)
 *(.fini1)
 *(.fini1)
 *(.fini0)
 .fini0         0x0000701a        0x4 d:/embeded systems/imt course/imt tools/01 imt sdk/imt_sdk_win_64/winavr/bin/../lib/gcc/avr/4.3.3/avr5\libgcc.a(_exit.o)
 *(.fini0)
                0x0000701e                _etext = .

.data           0x00800060      0x17e load address 0x0000701e
                0x00800060                PROVIDE (__data_start, .)
 *(.data)
 .data          0x00800060        0x0 d:/embeded systems/imt course/imt tools/01 imt sdk/imt_sdk_win_64/winavr/bin/../lib/gcc/avr/4.3.3/../../../../avr/lib/avr5/crtm32.o
 .data          0x00800060        0x0 ./RTOS_STACK/TMU/RTOS_prg.o
 .data          0x00800060        0x0 ./MCAL/WDT/WDT_prg.o
 .data          0x00800060        0x0 ./MCAL/UART/UART_prg.o
 .data          0x00800060        0x0 ./MCAL/TIMER/TIMER_prg.o
 .data          0x00800060        0x0 ./MCAL/SPI/SPI_prg.o
 .data          0x00800060        0x0 ./MCAL/I2C/I2C_prg.o
 .data          0x00800060        0x0 ./MCAL/GIE/GIE_prg.o
 .data          0x00800060        0x0 ./MCAL/EXI/EXI_prg.o
 .data          0x00800060        0x0 ./MCAL/DIO/DIO_prg.o
 .data          0x00800060        0x0 ./MCAL/ADC/ADC_prg.o
 .data          0x00800060        0x0 ./HAL/TRANSISTORS/TRANSISTORS_prg.o
 .data          0x00800060        0x0 ./HAL/TEMPS/TEMPS_prg.o
 .data          0x00800060        0x0 ./HAL/SWITCHES/SWITCHES_prg.o
 .data          0x00800060        0x0 ./HAL/STM/STM_prg.o
 .data          0x00800060        0x0 ./HAL/SSD/SSD_prg.o
 .data          0x00800060        0x0 ./HAL/SERVO/SERVO_prg.o
 .data          0x00800060        0x0 ./HAL/LED/LED_prg.o
 .data          0x00800060        0x0 ./HAL/LDR/LDR_prg.o
 .data          0x00800060        0x6 ./HAL/LCD/LCD_prg.o
 .data          0x00800066        0x0 ./HAL/KEYPAD/KEYPAD_prg.o
 .data          0x00800066        0x0 ./HAL/EEPROM/EEPROM_prg.o
 .data          0x00800066        0x0 ./HAL/DCM/DCM_prg.o
 .data          0x00800066        0x0 ./APP/main.o
 .data          0x00800066       0x24 ./APP/mainICU.o
 .data          0x0080008a        0x0 d:/embeded systems/imt course/imt tools/01 imt sdk/imt_sdk_win_64/winavr/bin/../lib/gcc/avr/4.3.3/avr5\libgcc.a(_udivmodsi4.o)
 .data          0x0080008a        0x0 d:/embeded systems/imt course/imt tools/01 imt sdk/imt_sdk_win_64/winavr/bin/../lib/gcc/avr/4.3.3/avr5\libgcc.a(_exit.o)
 .data          0x0080008a        0x0 d:/embeded systems/imt course/imt tools/01 imt sdk/imt_sdk_win_64/winavr/bin/../lib/gcc/avr/4.3.3/avr5\libgcc.a(_copy_data.o)
 .data          0x0080008a        0x0 d:/embeded systems/imt course/imt tools/01 imt sdk/imt_sdk_win_64/winavr/bin/../lib/gcc/avr/4.3.3/avr5\libgcc.a(_clear_bss.o)
 .data          0x0080008a        0x0 d:/embeded systems/imt course/imt tools/01 imt sdk/imt_sdk_win_64/winavr/bin/../lib/gcc/avr/4.3.3/avr5\libgcc.a(_fixunssfsi.o)
 .data          0x0080008a        0x0 d:/embeded systems/imt course/imt tools/01 imt sdk/imt_sdk_win_64/winavr/bin/../lib/gcc/avr/4.3.3/avr5\libgcc.a(_addsub_sf.o)
 .data          0x0080008a        0x0 d:/embeded systems/imt course/imt tools/01 imt sdk/imt_sdk_win_64/winavr/bin/../lib/gcc/avr/4.3.3/avr5\libgcc.a(_mul_sf.o)
 .data          0x0080008a        0x0 d:/embeded systems/imt course/imt tools/01 imt sdk/imt_sdk_win_64/winavr/bin/../lib/gcc/avr/4.3.3/avr5\libgcc.a(_div_sf.o)
 .data          0x0080008a        0x0 d:/embeded systems/imt course/imt tools/01 imt sdk/imt_sdk_win_64/winavr/bin/../lib/gcc/avr/4.3.3/avr5\libgcc.a(_gt_sf.o)
 .data          0x0080008a        0x0 d:/embeded systems/imt course/imt tools/01 imt sdk/imt_sdk_win_64/winavr/bin/../lib/gcc/avr/4.3.3/avr5\libgcc.a(_ge_sf.o)
 .data          0x0080008a        0x0 d:/embeded systems/imt course/imt tools/01 imt sdk/imt_sdk_win_64/winavr/bin/../lib/gcc/avr/4.3.3/avr5\libgcc.a(_lt_sf.o)
 .data          0x0080008a        0x0 d:/embeded systems/imt course/imt tools/01 imt sdk/imt_sdk_win_64/winavr/bin/../lib/gcc/avr/4.3.3/avr5\libgcc.a(_si_to_sf.o)
 .data          0x0080008a        0x0 d:/embeded systems/imt course/imt tools/01 imt sdk/imt_sdk_win_64/winavr/bin/../lib/gcc/avr/4.3.3/avr5\libgcc.a(_sf_to_si.o)
 .data          0x0080008a        0x8 d:/embeded systems/imt course/imt tools/01 imt sdk/imt_sdk_win_64/winavr/bin/../lib/gcc/avr/4.3.3/avr5\libgcc.a(_thenan_sf.o)
                0x0080008a                __thenan_sf
 .data          0x00800092        0x0 d:/embeded systems/imt course/imt tools/01 imt sdk/imt_sdk_win_64/winavr/bin/../lib/gcc/avr/4.3.3/avr5\libgcc.a(_usi_to_sf.o)
 .data          0x00800092        0x0 d:/embeded systems/imt course/imt tools/01 imt sdk/imt_sdk_win_64/winavr/bin/../lib/gcc/avr/4.3.3/avr5\libgcc.a(_prologue.o)
 .data          0x00800092        0x0 d:/embeded systems/imt course/imt tools/01 imt sdk/imt_sdk_win_64/winavr/bin/../lib/gcc/avr/4.3.3/avr5\libgcc.a(_epilogue.o)
 .data          0x00800092        0x0 d:/embeded systems/imt course/imt tools/01 imt sdk/imt_sdk_win_64/winavr/bin/../lib/gcc/avr/4.3.3/avr5\libgcc.a(_clzsi2.o)
 .data          0x00800092        0x0 d:/embeded systems/imt course/imt tools/01 imt sdk/imt_sdk_win_64/winavr/bin/../lib/gcc/avr/4.3.3/avr5\libgcc.a(_pack_sf.o)
 .data          0x00800092        0x0 d:/embeded systems/imt course/imt tools/01 imt sdk/imt_sdk_win_64/winavr/bin/../lib/gcc/avr/4.3.3/avr5\libgcc.a(_unpack_sf.o)
 .data          0x00800092        0x0 d:/embeded systems/imt course/imt tools/01 imt sdk/imt_sdk_win_64/winavr/bin/../lib/gcc/avr/4.3.3/avr5\libgcc.a(_fpcmp_parts_sf.o)
 .data          0x00800092      0x100 d:/embeded systems/imt course/imt tools/01 imt sdk/imt_sdk_win_64/winavr/bin/../lib/gcc/avr/4.3.3/avr5\libgcc.a(_clz.o)
                0x00800092                __clz_tab
 .data          0x00800192        0x0 d:/embeded systems/imt course/imt tools/01 imt sdk/imt_sdk_win_64/winavr/bin/../lib/gcc/avr/4.3.3/../../../../avr/lib/avr5\libc.a(sprintf.o)
 .data          0x00800192        0x0 d:/embeded systems/imt course/imt tools/01 imt sdk/imt_sdk_win_64/winavr/bin/../lib/gcc/avr/4.3.3/../../../../avr/lib/avr5\libc.a(round.o)
 .data          0x00800192        0x0 d:/embeded systems/imt course/imt tools/01 imt sdk/imt_sdk_win_64/winavr/bin/../lib/gcc/avr/4.3.3/../../../../avr/lib/avr5\libc.a(vfprintf_std.o)
 .data          0x00800192        0x0 d:/embeded systems/imt course/imt tools/01 imt sdk/imt_sdk_win_64/winavr/bin/../lib/gcc/avr/4.3.3/../../../../avr/lib/avr5\libc.a(strnlen_P.o)
 .data          0x00800192        0x0 d:/embeded systems/imt course/imt tools/01 imt sdk/imt_sdk_win_64/winavr/bin/../lib/gcc/avr/4.3.3/../../../../avr/lib/avr5\libc.a(strnlen.o)
 .data          0x00800192        0x0 d:/embeded systems/imt course/imt tools/01 imt sdk/imt_sdk_win_64/winavr/bin/../lib/gcc/avr/4.3.3/../../../../avr/lib/avr5\libc.a(fputc.o)
 .data          0x00800192        0x0 d:/embeded systems/imt course/imt tools/01 imt sdk/imt_sdk_win_64/winavr/bin/../lib/gcc/avr/4.3.3/../../../../avr/lib/avr5\libc.a(ultoa_invert.o)
 .data          0x00800192        0x0 d:/embeded systems/imt course/imt tools/01 imt sdk/imt_sdk_win_64/winavr/bin/../lib/gcc/avr/4.3.3/../../../../avr/lib/avr5\libc.a(fp_mintl.o)
 .data          0x00800192        0x0 d:/embeded systems/imt course/imt tools/01 imt sdk/imt_sdk_win_64/winavr/bin/../lib/gcc/avr/4.3.3/../../../../avr/lib/avr5\libc.a(fp_mpack.o)
 .data          0x00800192        0x0 d:/embeded systems/imt course/imt tools/01 imt sdk/imt_sdk_win_64/winavr/bin/../lib/gcc/avr/4.3.3/../../../../avr/lib/avr5\libc.a(fp_split3.o)
 .data          0x00800192        0x0 d:/embeded systems/imt course/imt tools/01 imt sdk/imt_sdk_win_64/winavr/bin/../lib/gcc/avr/4.3.3/../../../../avr/lib/avr5\libc.a(fp_zero.o)
 *(.data*)
 .data.G_u8DelayTimeInMs
                0x00800192        0x1 ./HAL/STM/STM_prg.o
 *(.rodata)
 *(.rodata*)
 .rodata.G_u8HalfStepSeq
                0x00800193       0x20 ./HAL/STM/STM_prg.o
 .rodata.G_u8FullStepSeq
                0x008001b3       0x10 ./HAL/STM/STM_prg.o
 .rodata.L_u8NumbersCathode.1334
                0x008001c3        0xa ./HAL/SSD/SSD_prg.o
 .rodata.L_u8KeyPad.1312
                0x008001cd       0x10 ./HAL/KEYPAD/KEYPAD_prg.o
 *(.gnu.linkonce.d*)
                0x008001de                . = ALIGN (0x2)
 *fill*         0x008001dd        0x1 00
                0x008001de                _edata = .
                0x008001de                PROVIDE (__data_end, .)

.bss            0x008001de       0x6e
                0x008001de                PROVIDE (__bss_start, .)
 *(.bss)
 .bss           0x008001de        0x0 d:/embeded systems/imt course/imt tools/01 imt sdk/imt_sdk_win_64/winavr/bin/../lib/gcc/avr/4.3.3/../../../../avr/lib/avr5/crtm32.o
 .bss           0x008001de        0x0 ./RTOS_STACK/TMU/RTOS_prg.o
 .bss           0x008001de        0x0 ./MCAL/WDT/WDT_prg.o
 .bss           0x008001de        0x0 ./MCAL/UART/UART_prg.o
 .bss           0x008001de        0x0 ./MCAL/TIMER/TIMER_prg.o
 .bss           0x008001de        0x0 ./MCAL/SPI/SPI_prg.o
 .bss           0x008001de        0x0 ./MCAL/I2C/I2C_prg.o
 .bss           0x008001de        0x0 ./MCAL/GIE/GIE_prg.o
 .bss           0x008001de        0x0 ./MCAL/EXI/EXI_prg.o
 .bss           0x008001de        0x0 ./MCAL/DIO/DIO_prg.o
 .bss           0x008001de        0x0 ./MCAL/ADC/ADC_prg.o
 .bss           0x008001de        0x0 ./HAL/TRANSISTORS/TRANSISTORS_prg.o
 .bss           0x008001de        0x0 ./HAL/TEMPS/TEMPS_prg.o
 .bss           0x008001de        0x0 ./HAL/SWITCHES/SWITCHES_prg.o
 .bss           0x008001de        0x0 ./HAL/STM/STM_prg.o
 .bss           0x008001de        0x0 ./HAL/SSD/SSD_prg.o
 .bss           0x008001de        0x0 ./HAL/SERVO/SERVO_prg.o
 .bss           0x008001de        0x0 ./HAL/LED/LED_prg.o
 .bss           0x008001de        0x0 ./HAL/LDR/LDR_prg.o
 .bss           0x008001de        0x0 ./HAL/LCD/LCD_prg.o
 .bss           0x008001de        0x0 ./HAL/KEYPAD/KEYPAD_prg.o
 .bss           0x008001de        0x0 ./HAL/EEPROM/EEPROM_prg.o
 .bss           0x008001de        0x0 ./HAL/DCM/DCM_prg.o
 .bss           0x008001de        0x0 ./APP/main.o
 .bss           0x008001de        0x0 ./APP/mainICU.o
 .bss           0x008001de        0x0 d:/embeded systems/imt course/imt tools/01 imt sdk/imt_sdk_win_64/winavr/bin/../lib/gcc/avr/4.3.3/avr5\libgcc.a(_udivmodsi4.o)
 .bss           0x008001de        0x0 d:/embeded systems/imt course/imt tools/01 imt sdk/imt_sdk_win_64/winavr/bin/../lib/gcc/avr/4.3.3/avr5\libgcc.a(_exit.o)
 .bss           0x008001de        0x0 d:/embeded systems/imt course/imt tools/01 imt sdk/imt_sdk_win_64/winavr/bin/../lib/gcc/avr/4.3.3/avr5\libgcc.a(_copy_data.o)
 .bss           0x008001de        0x0 d:/embeded systems/imt course/imt tools/01 imt sdk/imt_sdk_win_64/winavr/bin/../lib/gcc/avr/4.3.3/avr5\libgcc.a(_clear_bss.o)
 .bss           0x008001de        0x0 d:/embeded systems/imt course/imt tools/01 imt sdk/imt_sdk_win_64/winavr/bin/../lib/gcc/avr/4.3.3/avr5\libgcc.a(_fixunssfsi.o)
 .bss           0x008001de        0x0 d:/embeded systems/imt course/imt tools/01 imt sdk/imt_sdk_win_64/winavr/bin/../lib/gcc/avr/4.3.3/avr5\libgcc.a(_addsub_sf.o)
 .bss           0x008001de        0x0 d:/embeded systems/imt course/imt tools/01 imt sdk/imt_sdk_win_64/winavr/bin/../lib/gcc/avr/4.3.3/avr5\libgcc.a(_mul_sf.o)
 .bss           0x008001de        0x0 d:/embeded systems/imt course/imt tools/01 imt sdk/imt_sdk_win_64/winavr/bin/../lib/gcc/avr/4.3.3/avr5\libgcc.a(_div_sf.o)
 .bss           0x008001de        0x0 d:/embeded systems/imt course/imt tools/01 imt sdk/imt_sdk_win_64/winavr/bin/../lib/gcc/avr/4.3.3/avr5\libgcc.a(_gt_sf.o)
 .bss           0x008001de        0x0 d:/embeded systems/imt course/imt tools/01 imt sdk/imt_sdk_win_64/winavr/bin/../lib/gcc/avr/4.3.3/avr5\libgcc.a(_ge_sf.o)
 .bss           0x008001de        0x0 d:/embeded systems/imt course/imt tools/01 imt sdk/imt_sdk_win_64/winavr/bin/../lib/gcc/avr/4.3.3/avr5\libgcc.a(_lt_sf.o)
 .bss           0x008001de        0x0 d:/embeded systems/imt course/imt tools/01 imt sdk/imt_sdk_win_64/winavr/bin/../lib/gcc/avr/4.3.3/avr5\libgcc.a(_si_to_sf.o)
 .bss           0x008001de        0x0 d:/embeded systems/imt course/imt tools/01 imt sdk/imt_sdk_win_64/winavr/bin/../lib/gcc/avr/4.3.3/avr5\libgcc.a(_sf_to_si.o)
 .bss           0x008001de        0x0 d:/embeded systems/imt course/imt tools/01 imt sdk/imt_sdk_win_64/winavr/bin/../lib/gcc/avr/4.3.3/avr5\libgcc.a(_thenan_sf.o)
 .bss           0x008001de        0x0 d:/embeded systems/imt course/imt tools/01 imt sdk/imt_sdk_win_64/winavr/bin/../lib/gcc/avr/4.3.3/avr5\libgcc.a(_usi_to_sf.o)
 .bss           0x008001de        0x0 d:/embeded systems/imt course/imt tools/01 imt sdk/imt_sdk_win_64/winavr/bin/../lib/gcc/avr/4.3.3/avr5\libgcc.a(_prologue.o)
 .bss           0x008001de        0x0 d:/embeded systems/imt course/imt tools/01 imt sdk/imt_sdk_win_64/winavr/bin/../lib/gcc/avr/4.3.3/avr5\libgcc.a(_epilogue.o)
 .bss           0x008001de        0x0 d:/embeded systems/imt course/imt tools/01 imt sdk/imt_sdk_win_64/winavr/bin/../lib/gcc/avr/4.3.3/avr5\libgcc.a(_clzsi2.o)
 .bss           0x008001de        0x0 d:/embeded systems/imt course/imt tools/01 imt sdk/imt_sdk_win_64/winavr/bin/../lib/gcc/avr/4.3.3/avr5\libgcc.a(_pack_sf.o)
 .bss           0x008001de        0x0 d:/embeded systems/imt course/imt tools/01 imt sdk/imt_sdk_win_64/winavr/bin/../lib/gcc/avr/4.3.3/avr5\libgcc.a(_unpack_sf.o)
 .bss           0x008001de        0x0 d:/embeded systems/imt course/imt tools/01 imt sdk/imt_sdk_win_64/winavr/bin/../lib/gcc/avr/4.3.3/avr5\libgcc.a(_fpcmp_parts_sf.o)
 .bss           0x008001de        0x0 d:/embeded systems/imt course/imt tools/01 imt sdk/imt_sdk_win_64/winavr/bin/../lib/gcc/avr/4.3.3/avr5\libgcc.a(_clz.o)
 .bss           0x008001de        0x0 d:/embeded systems/imt course/imt tools/01 imt sdk/imt_sdk_win_64/winavr/bin/../lib/gcc/avr/4.3.3/../../../../avr/lib/avr5\libc.a(sprintf.o)
 .bss           0x008001de        0x0 d:/embeded systems/imt course/imt tools/01 imt sdk/imt_sdk_win_64/winavr/bin/../lib/gcc/avr/4.3.3/../../../../avr/lib/avr5\libc.a(round.o)
 .bss           0x008001de        0x0 d:/embeded systems/imt course/imt tools/01 imt sdk/imt_sdk_win_64/winavr/bin/../lib/gcc/avr/4.3.3/../../../../avr/lib/avr5\libc.a(vfprintf_std.o)
 .bss           0x008001de        0x0 d:/embeded systems/imt course/imt tools/01 imt sdk/imt_sdk_win_64/winavr/bin/../lib/gcc/avr/4.3.3/../../../../avr/lib/avr5\libc.a(strnlen_P.o)
 .bss           0x008001de        0x0 d:/embeded systems/imt course/imt tools/01 imt sdk/imt_sdk_win_64/winavr/bin/../lib/gcc/avr/4.3.3/../../../../avr/lib/avr5\libc.a(strnlen.o)
 .bss           0x008001de        0x0 d:/embeded systems/imt course/imt tools/01 imt sdk/imt_sdk_win_64/winavr/bin/../lib/gcc/avr/4.3.3/../../../../avr/lib/avr5\libc.a(fputc.o)
 .bss           0x008001de        0x0 d:/embeded systems/imt course/imt tools/01 imt sdk/imt_sdk_win_64/winavr/bin/../lib/gcc/avr/4.3.3/../../../../avr/lib/avr5\libc.a(ultoa_invert.o)
 .bss           0x008001de        0x0 d:/embeded systems/imt course/imt tools/01 imt sdk/imt_sdk_win_64/winavr/bin/../lib/gcc/avr/4.3.3/../../../../avr/lib/avr5\libc.a(fp_mintl.o)
 .bss           0x008001de        0x0 d:/embeded systems/imt course/imt tools/01 imt sdk/imt_sdk_win_64/winavr/bin/../lib/gcc/avr/4.3.3/../../../../avr/lib/avr5\libc.a(fp_mpack.o)
 .bss           0x008001de        0x0 d:/embeded systems/imt course/imt tools/01 imt sdk/imt_sdk_win_64/winavr/bin/../lib/gcc/avr/4.3.3/../../../../avr/lib/avr5\libc.a(fp_split3.o)
 .bss           0x008001de        0x0 d:/embeded systems/imt course/imt tools/01 imt sdk/imt_sdk_win_64/winavr/bin/../lib/gcc/avr/4.3.3/../../../../avr/lib/avr5\libc.a(fp_zero.o)
 *(.bss*)
 .bss.G_u32Tick_Counts
                0x008001de        0x4 ./RTOS_STACK/TMU/RTOS_prg.o
 .bss.G_u8DataSend
                0x008001e2        0x1 ./MCAL/UART/UART_prg.o
 .bss.G_u16Timer1OVerflows
                0x008001e3        0x4 ./MCAL/TIMER/TIMER_prg.o
 .bss.L_u32Counter.1523
                0x008001e7        0x4 ./MCAL/TIMER/TIMER_prg.o
 .bss.L_u32Counter.1534
                0x008001eb        0x4 ./MCAL/TIMER/TIMER_prg.o
 .bss.L_u32Counter.1547
                0x008001ef        0x4 ./MCAL/TIMER/TIMER_prg.o
 .bss.L_u32Counter.1558
                0x008001f3        0x4 ./MCAL/TIMER/TIMER_prg.o
 .bss.G_u32Timer0Counts
                0x008001f7        0x4 ./MCAL/TIMER/TIMER_prg.o
 .bss.G_u32Timer1Counts
                0x008001fb        0x4 ./MCAL/TIMER/TIMER_prg.o
 .bss.G_u32Timer2Counts
                0x008001ff        0x4 ./MCAL/TIMER/TIMER_prg.o
 .bss.G_u32Timer0PreLoad
                0x00800203        0x4 ./MCAL/TIMER/TIMER_prg.o
 .bss.G_u32Timer1PreLoad
                0x00800207        0x4 ./MCAL/TIMER/TIMER_prg.o
 .bss.G_u32Timer2PreLoad
                0x0080020b        0x4 ./MCAL/TIMER/TIMER_prg.o
 .bss.G_vISRptr0
                0x0080020f        0x2 ./MCAL/EXI/EXI_prg.o
 .bss.G_vISRptr1
                0x00800211        0x2 ./MCAL/EXI/EXI_prg.o
 .bss.G_vISRptr2
                0x00800213        0x2 ./MCAL/EXI/EXI_prg.o
 .bss.G_u8StepMode
                0x00800215        0x1 ./HAL/STM/STM_prg.o
 .bss.G_u32Counts_Read1
                0x00800216        0x4 ./APP/mainICU.o
                0x00800216                G_u32Counts_Read1
 .bss.G_u32Counts_Read2
                0x0080021a        0x4 ./APP/mainICU.o
                0x0080021a                G_u32Counts_Read2
 .bss.G_u32Counts_Read3
                0x0080021e        0x4 ./APP/mainICU.o
                0x0080021e                G_u32Counts_Read3
 .bss.Flag      0x00800222        0x1 ./APP/mainICU.o
                0x00800222                Flag
 .bss.PeriodTime
                0x00800223        0x2 ./APP/mainICU.o
                0x00800223                PeriodTime
 .bss.DutyCycle
                0x00800225        0x2 ./APP/mainICU.o
                0x00800225                DutyCycle
 .bss.TimeOn    0x00800227        0x2 ./APP/mainICU.o
                0x00800227                TimeOn
 .bss.G_u16Cov  0x00800229        0x2 ./APP/mainICU.o
                0x00800229                G_u16Cov
 .bss.counter.1491
                0x0080022b        0x1 ./APP/mainICU.o
 *(COMMON)
 COMMON         0x0080022c        0xc ./RTOS_STACK/TMU/RTOS_prg.o
                0x0080022c                TASKS
 COMMON         0x00800238        0x2 ./MCAL/UART/UART_prg.o
                0x00800238                G_PTR_FUNC_RX
 COMMON         0x0080023a        0xe ./MCAL/TIMER/TIMER_prg.o
                0x0080023a                GLB_PTRF_TIM0_OVF
                0x0080023c                GLB_PTRF_TIM1_CTC
                0x0080023e                GLB_PTRF_TIM2_CTC
                0x00800240                GLB_PTRF_TIM0_CTC
                0x00800242                GLB_PTRF_TIM2_OVF
                0x00800244                GLB_PTRF_TIM1_OVF
                0x00800246                GLB_PTRF_TIM1_ICU
 COMMON         0x00800248        0x2 ./MCAL/SPI/SPI_prg.o
                0x00800248                GLB_PTR_FUNC
 COMMON         0x0080024a        0x2 ./MCAL/ADC/ADC_prg.o
                0x0080024a                G_vISRptr
                0x0080024c                PROVIDE (__bss_end, .)
                0x0000701e                __data_load_start = LOADADDR (.data)
                0x0000719c                __data_load_end = (__data_load_start + SIZEOF (.data))

.noinit         0x0080024c        0x0
                0x0080024c                PROVIDE (__noinit_start, .)
 *(.noinit*)
                0x0080024c                PROVIDE (__noinit_end, .)
                0x0080024c                _end = .
                0x0080024c                PROVIDE (__heap_start, .)

.eeprom         0x00810000        0x0
 *(.eeprom*)
                0x00810000                __eeprom_end = .

.fuse
 *(.fuse)
 *(.lfuse)
 *(.hfuse)
 *(.efuse)

.lock
 *(.lock*)

.signature
 *(.signature*)

.stab           0x00000000     0x7b84
 *(.stab)
 .stab          0x00000000      0x30c ./RTOS_STACK/TMU/RTOS_prg.o
 .stab          0x0000030c      0x234 ./MCAL/WDT/WDT_prg.o
                                0x240 (size before relaxing)
 .stab          0x00000540      0x6c0 ./MCAL/UART/UART_prg.o
                                0x6cc (size before relaxing)
 .stab          0x00000c00      0xaec ./MCAL/TIMER/TIMER_prg.o
                                0xaf8 (size before relaxing)
 .stab          0x000016ec      0x4b0 ./MCAL/SPI/SPI_prg.o
                                0x4bc (size before relaxing)
 .stab          0x00001b9c      0x738 ./MCAL/I2C/I2C_prg.o
                                0x744 (size before relaxing)
 .stab          0x000022d4      0x204 ./MCAL/GIE/GIE_prg.o
                                0x210 (size before relaxing)
 .stab          0x000024d8      0x39c ./MCAL/EXI/EXI_prg.o
                                0x3a8 (size before relaxing)
 .stab          0x00002874      0x5a0 ./MCAL/DIO/DIO_prg.o
                                0x5ac (size before relaxing)
 .stab          0x00002e14      0x300 ./MCAL/ADC/ADC_prg.o
                                0x30c (size before relaxing)
 .stab          0x00003114      0x2e8 ./HAL/TRANSISTORS/TRANSISTORS_prg.o
                                0x2f4 (size before relaxing)
 .stab          0x000033fc      0x240 ./HAL/TEMPS/TEMPS_prg.o
                                0x24c (size before relaxing)
 .stab          0x0000363c      0x480 ./HAL/SWITCHES/SWITCHES_prg.o
                                0x48c (size before relaxing)
 .stab          0x00003abc      0xe04 ./HAL/STM/STM_prg.o
                                0xfa8 (size before relaxing)
 .stab          0x000048c0      0x9c0 ./HAL/SSD/SSD_prg.o
                                0xb64 (size before relaxing)
 .stab          0x00005280      0x258 ./HAL/SERVO/SERVO_prg.o
                                0x264 (size before relaxing)
 .stab          0x000054d8      0x378 ./HAL/LED/LED_prg.o
                                0x384 (size before relaxing)
 .stab          0x00005850      0x258 ./HAL/LDR/LDR_prg.o
                                0x264 (size before relaxing)
 .stab          0x00005aa8      0xed0 ./HAL/LCD/LCD_prg.o
                               0x1074 (size before relaxing)
 .stab          0x00006978      0x4d4 ./HAL/KEYPAD/KEYPAD_prg.o
                                0x678 (size before relaxing)
 .stab          0x00006e4c      0x33c ./HAL/EEPROM/EEPROM_prg.o
                                0x348 (size before relaxing)
 .stab          0x00007188      0x264 ./HAL/DCM/DCM_prg.o
                                0x270 (size before relaxing)
 .stab          0x000073ec      0x2f4 ./APP/main.o
                                0x498 (size before relaxing)
 .stab          0x000076e0      0x4a4 ./APP/mainICU.o
                                0x678 (size before relaxing)

.stabstr        0x00000000     0x2bce
 *(.stabstr)
 .stabstr       0x00000000     0x2bce ./RTOS_STACK/TMU/RTOS_prg.o

.stab.excl
 *(.stab.excl)

.stab.exclstr
 *(.stab.exclstr)

.stab.index
 *(.stab.index)

.stab.indexstr
 *(.stab.indexstr)

.comment
 *(.comment)

.debug
 *(.debug)

.line
 *(.line)

.debug_srcinfo
 *(.debug_srcinfo)

.debug_sfnames
 *(.debug_sfnames)

.debug_aranges  0x00000000      0x1c0
 *(.debug_aranges)
 .debug_aranges
                0x00000000       0x20 d:/embeded systems/imt course/imt tools/01 imt sdk/imt_sdk_win_64/winavr/bin/../lib/gcc/avr/4.3.3/avr5\libgcc.a(_fixunssfsi.o)
 .debug_aranges
                0x00000020       0x20 d:/embeded systems/imt course/imt tools/01 imt sdk/imt_sdk_win_64/winavr/bin/../lib/gcc/avr/4.3.3/avr5\libgcc.a(_addsub_sf.o)
 .debug_aranges
                0x00000040       0x20 d:/embeded systems/imt course/imt tools/01 imt sdk/imt_sdk_win_64/winavr/bin/../lib/gcc/avr/4.3.3/avr5\libgcc.a(_mul_sf.o)
 .debug_aranges
                0x00000060       0x20 d:/embeded systems/imt course/imt tools/01 imt sdk/imt_sdk_win_64/winavr/bin/../lib/gcc/avr/4.3.3/avr5\libgcc.a(_div_sf.o)
 .debug_aranges
                0x00000080       0x20 d:/embeded systems/imt course/imt tools/01 imt sdk/imt_sdk_win_64/winavr/bin/../lib/gcc/avr/4.3.3/avr5\libgcc.a(_gt_sf.o)
 .debug_aranges
                0x000000a0       0x20 d:/embeded systems/imt course/imt tools/01 imt sdk/imt_sdk_win_64/winavr/bin/../lib/gcc/avr/4.3.3/avr5\libgcc.a(_ge_sf.o)
 .debug_aranges
                0x000000c0       0x20 d:/embeded systems/imt course/imt tools/01 imt sdk/imt_sdk_win_64/winavr/bin/../lib/gcc/avr/4.3.3/avr5\libgcc.a(_lt_sf.o)
 .debug_aranges
                0x000000e0       0x20 d:/embeded systems/imt course/imt tools/01 imt sdk/imt_sdk_win_64/winavr/bin/../lib/gcc/avr/4.3.3/avr5\libgcc.a(_si_to_sf.o)
 .debug_aranges
                0x00000100       0x20 d:/embeded systems/imt course/imt tools/01 imt sdk/imt_sdk_win_64/winavr/bin/../lib/gcc/avr/4.3.3/avr5\libgcc.a(_sf_to_si.o)
 .debug_aranges
                0x00000120       0x20 d:/embeded systems/imt course/imt tools/01 imt sdk/imt_sdk_win_64/winavr/bin/../lib/gcc/avr/4.3.3/avr5\libgcc.a(_usi_to_sf.o)
 .debug_aranges
                0x00000140       0x20 d:/embeded systems/imt course/imt tools/01 imt sdk/imt_sdk_win_64/winavr/bin/../lib/gcc/avr/4.3.3/avr5\libgcc.a(_clzsi2.o)
 .debug_aranges
                0x00000160       0x20 d:/embeded systems/imt course/imt tools/01 imt sdk/imt_sdk_win_64/winavr/bin/../lib/gcc/avr/4.3.3/avr5\libgcc.a(_pack_sf.o)
 .debug_aranges
                0x00000180       0x20 d:/embeded systems/imt course/imt tools/01 imt sdk/imt_sdk_win_64/winavr/bin/../lib/gcc/avr/4.3.3/avr5\libgcc.a(_unpack_sf.o)
 .debug_aranges
                0x000001a0       0x20 d:/embeded systems/imt course/imt tools/01 imt sdk/imt_sdk_win_64/winavr/bin/../lib/gcc/avr/4.3.3/avr5\libgcc.a(_fpcmp_parts_sf.o)

.debug_pubnames
                0x00000000      0x214
 *(.debug_pubnames)
 .debug_pubnames
                0x00000000       0x23 d:/embeded systems/imt course/imt tools/01 imt sdk/imt_sdk_win_64/winavr/bin/../lib/gcc/avr/4.3.3/avr5\libgcc.a(_fixunssfsi.o)
 .debug_pubnames
                0x00000023       0x2c d:/embeded systems/imt course/imt tools/01 imt sdk/imt_sdk_win_64/winavr/bin/../lib/gcc/avr/4.3.3/avr5\libgcc.a(_addsub_sf.o)
 .debug_pubnames
                0x0000004f       0x1f d:/embeded systems/imt course/imt tools/01 imt sdk/imt_sdk_win_64/winavr/bin/../lib/gcc/avr/4.3.3/avr5\libgcc.a(_mul_sf.o)
 .debug_pubnames
                0x0000006e       0x1f d:/embeded systems/imt course/imt tools/01 imt sdk/imt_sdk_win_64/winavr/bin/../lib/gcc/avr/4.3.3/avr5\libgcc.a(_div_sf.o)
 .debug_pubnames
                0x0000008d       0x1e d:/embeded systems/imt course/imt tools/01 imt sdk/imt_sdk_win_64/winavr/bin/../lib/gcc/avr/4.3.3/avr5\libgcc.a(_gt_sf.o)
 .debug_pubnames
                0x000000ab       0x1e d:/embeded systems/imt course/imt tools/01 imt sdk/imt_sdk_win_64/winavr/bin/../lib/gcc/avr/4.3.3/avr5\libgcc.a(_ge_sf.o)
 .debug_pubnames
                0x000000c9       0x1e d:/embeded systems/imt course/imt tools/01 imt sdk/imt_sdk_win_64/winavr/bin/../lib/gcc/avr/4.3.3/avr5\libgcc.a(_lt_sf.o)
 .debug_pubnames
                0x000000e7       0x22 d:/embeded systems/imt course/imt tools/01 imt sdk/imt_sdk_win_64/winavr/bin/../lib/gcc/avr/4.3.3/avr5\libgcc.a(_si_to_sf.o)
 .debug_pubnames
                0x00000109       0x20 d:/embeded systems/imt course/imt tools/01 imt sdk/imt_sdk_win_64/winavr/bin/../lib/gcc/avr/4.3.3/avr5\libgcc.a(_sf_to_si.o)
 .debug_pubnames
                0x00000129       0x22 d:/embeded systems/imt course/imt tools/01 imt sdk/imt_sdk_win_64/winavr/bin/../lib/gcc/avr/4.3.3/avr5\libgcc.a(_thenan_sf.o)
 .debug_pubnames
                0x0000014b       0x24 d:/embeded systems/imt course/imt tools/01 imt sdk/imt_sdk_win_64/winavr/bin/../lib/gcc/avr/4.3.3/avr5\libgcc.a(_usi_to_sf.o)
 .debug_pubnames
                0x0000016f       0x1f d:/embeded systems/imt course/imt tools/01 imt sdk/imt_sdk_win_64/winavr/bin/../lib/gcc/avr/4.3.3/avr5\libgcc.a(_clzsi2.o)
 .debug_pubnames
                0x0000018e       0x1f d:/embeded systems/imt course/imt tools/01 imt sdk/imt_sdk_win_64/winavr/bin/../lib/gcc/avr/4.3.3/avr5\libgcc.a(_pack_sf.o)
 .debug_pubnames
                0x000001ad       0x21 d:/embeded systems/imt course/imt tools/01 imt sdk/imt_sdk_win_64/winavr/bin/../lib/gcc/avr/4.3.3/avr5\libgcc.a(_unpack_sf.o)
 .debug_pubnames
                0x000001ce       0x26 d:/embeded systems/imt course/imt tools/01 imt sdk/imt_sdk_win_64/winavr/bin/../lib/gcc/avr/4.3.3/avr5\libgcc.a(_fpcmp_parts_sf.o)
 .debug_pubnames
                0x000001f4       0x20 d:/embeded systems/imt course/imt tools/01 imt sdk/imt_sdk_win_64/winavr/bin/../lib/gcc/avr/4.3.3/avr5\libgcc.a(_clz.o)

.debug_info     0x00000000     0x2612
 *(.debug_info)
 .debug_info    0x00000000       0xb1 d:/embeded systems/imt course/imt tools/01 imt sdk/imt_sdk_win_64/winavr/bin/../lib/gcc/avr/4.3.3/avr5\libgcc.a(_fixunssfsi.o)
 .debug_info    0x000000b1      0x47a d:/embeded systems/imt course/imt tools/01 imt sdk/imt_sdk_win_64/winavr/bin/../lib/gcc/avr/4.3.3/avr5\libgcc.a(_addsub_sf.o)
 .debug_info    0x0000052b      0x485 d:/embeded systems/imt course/imt tools/01 imt sdk/imt_sdk_win_64/winavr/bin/../lib/gcc/avr/4.3.3/avr5\libgcc.a(_mul_sf.o)
 .debug_info    0x000009b0      0x3fc d:/embeded systems/imt course/imt tools/01 imt sdk/imt_sdk_win_64/winavr/bin/../lib/gcc/avr/4.3.3/avr5\libgcc.a(_div_sf.o)
 .debug_info    0x00000dac      0x27f d:/embeded systems/imt course/imt tools/01 imt sdk/imt_sdk_win_64/winavr/bin/../lib/gcc/avr/4.3.3/avr5\libgcc.a(_gt_sf.o)
 .debug_info    0x0000102b      0x27f d:/embeded systems/imt course/imt tools/01 imt sdk/imt_sdk_win_64/winavr/bin/../lib/gcc/avr/4.3.3/avr5\libgcc.a(_ge_sf.o)
 .debug_info    0x000012aa      0x27f d:/embeded systems/imt course/imt tools/01 imt sdk/imt_sdk_win_64/winavr/bin/../lib/gcc/avr/4.3.3/avr5\libgcc.a(_lt_sf.o)
 .debug_info    0x00001529      0x207 d:/embeded systems/imt course/imt tools/01 imt sdk/imt_sdk_win_64/winavr/bin/../lib/gcc/avr/4.3.3/avr5\libgcc.a(_si_to_sf.o)
 .debug_info    0x00001730      0x2b0 d:/embeded systems/imt course/imt tools/01 imt sdk/imt_sdk_win_64/winavr/bin/../lib/gcc/avr/4.3.3/avr5\libgcc.a(_sf_to_si.o)
 .debug_info    0x000019e0      0x12c d:/embeded systems/imt course/imt tools/01 imt sdk/imt_sdk_win_64/winavr/bin/../lib/gcc/avr/4.3.3/avr5\libgcc.a(_thenan_sf.o)
 .debug_info    0x00001b0c      0x206 d:/embeded systems/imt course/imt tools/01 imt sdk/imt_sdk_win_64/winavr/bin/../lib/gcc/avr/4.3.3/avr5\libgcc.a(_usi_to_sf.o)
 .debug_info    0x00001d12      0x117 d:/embeded systems/imt course/imt tools/01 imt sdk/imt_sdk_win_64/winavr/bin/../lib/gcc/avr/4.3.3/avr5\libgcc.a(_clzsi2.o)
 .debug_info    0x00001e29      0x2df d:/embeded systems/imt course/imt tools/01 imt sdk/imt_sdk_win_64/winavr/bin/../lib/gcc/avr/4.3.3/avr5\libgcc.a(_pack_sf.o)
 .debug_info    0x00002108      0x251 d:/embeded systems/imt course/imt tools/01 imt sdk/imt_sdk_win_64/winavr/bin/../lib/gcc/avr/4.3.3/avr5\libgcc.a(_unpack_sf.o)
 .debug_info    0x00002359      0x210 d:/embeded systems/imt course/imt tools/01 imt sdk/imt_sdk_win_64/winavr/bin/../lib/gcc/avr/4.3.3/avr5\libgcc.a(_fpcmp_parts_sf.o)
 .debug_info    0x00002569       0xa9 d:/embeded systems/imt course/imt tools/01 imt sdk/imt_sdk_win_64/winavr/bin/../lib/gcc/avr/4.3.3/avr5\libgcc.a(_clz.o)
 *(.gnu.linkonce.wi.*)

.debug_abbrev   0x00000000     0x14ce
 *(.debug_abbrev)
 .debug_abbrev  0x00000000       0x5d d:/embeded systems/imt course/imt tools/01 imt sdk/imt_sdk_win_64/winavr/bin/../lib/gcc/avr/4.3.3/avr5\libgcc.a(_fixunssfsi.o)
 .debug_abbrev  0x0000005d      0x1ea d:/embeded systems/imt course/imt tools/01 imt sdk/imt_sdk_win_64/winavr/bin/../lib/gcc/avr/4.3.3/avr5\libgcc.a(_addsub_sf.o)
 .debug_abbrev  0x00000247      0x21b d:/embeded systems/imt course/imt tools/01 imt sdk/imt_sdk_win_64/winavr/bin/../lib/gcc/avr/4.3.3/avr5\libgcc.a(_mul_sf.o)
 .debug_abbrev  0x00000462      0x216 d:/embeded systems/imt course/imt tools/01 imt sdk/imt_sdk_win_64/winavr/bin/../lib/gcc/avr/4.3.3/avr5\libgcc.a(_div_sf.o)
 .debug_abbrev  0x00000678      0x15a d:/embeded systems/imt course/imt tools/01 imt sdk/imt_sdk_win_64/winavr/bin/../lib/gcc/avr/4.3.3/avr5\libgcc.a(_gt_sf.o)
 .debug_abbrev  0x000007d2      0x15a d:/embeded systems/imt course/imt tools/01 imt sdk/imt_sdk_win_64/winavr/bin/../lib/gcc/avr/4.3.3/avr5\libgcc.a(_ge_sf.o)
 .debug_abbrev  0x0000092c      0x15a d:/embeded systems/imt course/imt tools/01 imt sdk/imt_sdk_win_64/winavr/bin/../lib/gcc/avr/4.3.3/avr5\libgcc.a(_lt_sf.o)
 .debug_abbrev  0x00000a86      0x148 d:/embeded systems/imt course/imt tools/01 imt sdk/imt_sdk_win_64/winavr/bin/../lib/gcc/avr/4.3.3/avr5\libgcc.a(_si_to_sf.o)
 .debug_abbrev  0x00000bce      0x17f d:/embeded systems/imt course/imt tools/01 imt sdk/imt_sdk_win_64/winavr/bin/../lib/gcc/avr/4.3.3/avr5\libgcc.a(_sf_to_si.o)
 .debug_abbrev  0x00000d4d       0xad d:/embeded systems/imt course/imt tools/01 imt sdk/imt_sdk_win_64/winavr/bin/../lib/gcc/avr/4.3.3/avr5\libgcc.a(_thenan_sf.o)
 .debug_abbrev  0x00000dfa      0x157 d:/embeded systems/imt course/imt tools/01 imt sdk/imt_sdk_win_64/winavr/bin/../lib/gcc/avr/4.3.3/avr5\libgcc.a(_usi_to_sf.o)
 .debug_abbrev  0x00000f51       0xc4 d:/embeded systems/imt course/imt tools/01 imt sdk/imt_sdk_win_64/winavr/bin/../lib/gcc/avr/4.3.3/avr5\libgcc.a(_clzsi2.o)
 .debug_abbrev  0x00001015      0x1c0 d:/embeded systems/imt course/imt tools/01 imt sdk/imt_sdk_win_64/winavr/bin/../lib/gcc/avr/4.3.3/avr5\libgcc.a(_pack_sf.o)
 .debug_abbrev  0x000011d5      0x154 d:/embeded systems/imt course/imt tools/01 imt sdk/imt_sdk_win_64/winavr/bin/../lib/gcc/avr/4.3.3/avr5\libgcc.a(_unpack_sf.o)
 .debug_abbrev  0x00001329      0x13b d:/embeded systems/imt course/imt tools/01 imt sdk/imt_sdk_win_64/winavr/bin/../lib/gcc/avr/4.3.3/avr5\libgcc.a(_fpcmp_parts_sf.o)
 .debug_abbrev  0x00001464       0x6a d:/embeded systems/imt course/imt tools/01 imt sdk/imt_sdk_win_64/winavr/bin/../lib/gcc/avr/4.3.3/avr5\libgcc.a(_clz.o)

.debug_line     0x00000000     0x130b
 *(.debug_line)
 .debug_line    0x00000000       0xa7 d:/embeded systems/imt course/imt tools/01 imt sdk/imt_sdk_win_64/winavr/bin/../lib/gcc/avr/4.3.3/avr5\libgcc.a(_fixunssfsi.o)
 .debug_line    0x000000a7      0x2af d:/embeded systems/imt course/imt tools/01 imt sdk/imt_sdk_win_64/winavr/bin/../lib/gcc/avr/4.3.3/avr5\libgcc.a(_addsub_sf.o)
 .debug_line    0x00000356      0x239 d:/embeded systems/imt course/imt tools/01 imt sdk/imt_sdk_win_64/winavr/bin/../lib/gcc/avr/4.3.3/avr5\libgcc.a(_mul_sf.o)
 .debug_line    0x0000058f      0x1d5 d:/embeded systems/imt course/imt tools/01 imt sdk/imt_sdk_win_64/winavr/bin/../lib/gcc/avr/4.3.3/avr5\libgcc.a(_div_sf.o)
 .debug_line    0x00000764       0xd3 d:/embeded systems/imt course/imt tools/01 imt sdk/imt_sdk_win_64/winavr/bin/../lib/gcc/avr/4.3.3/avr5\libgcc.a(_gt_sf.o)
 .debug_line    0x00000837       0xd3 d:/embeded systems/imt course/imt tools/01 imt sdk/imt_sdk_win_64/winavr/bin/../lib/gcc/avr/4.3.3/avr5\libgcc.a(_ge_sf.o)
 .debug_line    0x0000090a       0xd3 d:/embeded systems/imt course/imt tools/01 imt sdk/imt_sdk_win_64/winavr/bin/../lib/gcc/avr/4.3.3/avr5\libgcc.a(_lt_sf.o)
 .debug_line    0x000009dd      0x135 d:/embeded systems/imt course/imt tools/01 imt sdk/imt_sdk_win_64/winavr/bin/../lib/gcc/avr/4.3.3/avr5\libgcc.a(_si_to_sf.o)
 .debug_line    0x00000b12      0x109 d:/embeded systems/imt course/imt tools/01 imt sdk/imt_sdk_win_64/winavr/bin/../lib/gcc/avr/4.3.3/avr5\libgcc.a(_sf_to_si.o)
 .debug_line    0x00000c1b       0x90 d:/embeded systems/imt course/imt tools/01 imt sdk/imt_sdk_win_64/winavr/bin/../lib/gcc/avr/4.3.3/avr5\libgcc.a(_thenan_sf.o)
 .debug_line    0x00000cab      0x133 d:/embeded systems/imt course/imt tools/01 imt sdk/imt_sdk_win_64/winavr/bin/../lib/gcc/avr/4.3.3/avr5\libgcc.a(_usi_to_sf.o)
 .debug_line    0x00000dde       0xa5 d:/embeded systems/imt course/imt tools/01 imt sdk/imt_sdk_win_64/winavr/bin/../lib/gcc/avr/4.3.3/avr5\libgcc.a(_clzsi2.o)
 .debug_line    0x00000e83      0x18a d:/embeded systems/imt course/imt tools/01 imt sdk/imt_sdk_win_64/winavr/bin/../lib/gcc/avr/4.3.3/avr5\libgcc.a(_pack_sf.o)
 .debug_line    0x0000100d      0x14b d:/embeded systems/imt course/imt tools/01 imt sdk/imt_sdk_win_64/winavr/bin/../lib/gcc/avr/4.3.3/avr5\libgcc.a(_unpack_sf.o)
 .debug_line    0x00001158      0x137 d:/embeded systems/imt course/imt tools/01 imt sdk/imt_sdk_win_64/winavr/bin/../lib/gcc/avr/4.3.3/avr5\libgcc.a(_fpcmp_parts_sf.o)
 .debug_line    0x0000128f       0x7c d:/embeded systems/imt course/imt tools/01 imt sdk/imt_sdk_win_64/winavr/bin/../lib/gcc/avr/4.3.3/avr5\libgcc.a(_clz.o)

.debug_frame    0x00000000      0x1e0
 *(.debug_frame)
 .debug_frame   0x00000000       0x20 d:/embeded systems/imt course/imt tools/01 imt sdk/imt_sdk_win_64/winavr/bin/../lib/gcc/avr/4.3.3/avr5\libgcc.a(_fixunssfsi.o)
 .debug_frame   0x00000020       0x40 d:/embeded systems/imt course/imt tools/01 imt sdk/imt_sdk_win_64/winavr/bin/../lib/gcc/avr/4.3.3/avr5\libgcc.a(_addsub_sf.o)
 .debug_frame   0x00000060       0x20 d:/embeded systems/imt course/imt tools/01 imt sdk/imt_sdk_win_64/winavr/bin/../lib/gcc/avr/4.3.3/avr5\libgcc.a(_mul_sf.o)
 .debug_frame   0x00000080       0x20 d:/embeded systems/imt course/imt tools/01 imt sdk/imt_sdk_win_64/winavr/bin/../lib/gcc/avr/4.3.3/avr5\libgcc.a(_div_sf.o)
 .debug_frame   0x000000a0       0x20 d:/embeded systems/imt course/imt tools/01 imt sdk/imt_sdk_win_64/winavr/bin/../lib/gcc/avr/4.3.3/avr5\libgcc.a(_gt_sf.o)
 .debug_frame   0x000000c0       0x20 d:/embeded systems/imt course/imt tools/01 imt sdk/imt_sdk_win_64/winavr/bin/../lib/gcc/avr/4.3.3/avr5\libgcc.a(_ge_sf.o)
 .debug_frame   0x000000e0       0x20 d:/embeded systems/imt course/imt tools/01 imt sdk/imt_sdk_win_64/winavr/bin/../lib/gcc/avr/4.3.3/avr5\libgcc.a(_lt_sf.o)
 .debug_frame   0x00000100       0x20 d:/embeded systems/imt course/imt tools/01 imt sdk/imt_sdk_win_64/winavr/bin/../lib/gcc/avr/4.3.3/avr5\libgcc.a(_si_to_sf.o)
 .debug_frame   0x00000120       0x20 d:/embeded systems/imt course/imt tools/01 imt sdk/imt_sdk_win_64/winavr/bin/../lib/gcc/avr/4.3.3/avr5\libgcc.a(_sf_to_si.o)
 .debug_frame   0x00000140       0x20 d:/embeded systems/imt course/imt tools/01 imt sdk/imt_sdk_win_64/winavr/bin/../lib/gcc/avr/4.3.3/avr5\libgcc.a(_usi_to_sf.o)
 .debug_frame   0x00000160       0x20 d:/embeded systems/imt course/imt tools/01 imt sdk/imt_sdk_win_64/winavr/bin/../lib/gcc/avr/4.3.3/avr5\libgcc.a(_clzsi2.o)
 .debug_frame   0x00000180       0x20 d:/embeded systems/imt course/imt tools/01 imt sdk/imt_sdk_win_64/winavr/bin/../lib/gcc/avr/4.3.3/avr5\libgcc.a(_pack_sf.o)
 .debug_frame   0x000001a0       0x20 d:/embeded systems/imt course/imt tools/01 imt sdk/imt_sdk_win_64/winavr/bin/../lib/gcc/avr/4.3.3/avr5\libgcc.a(_unpack_sf.o)
 .debug_frame   0x000001c0       0x20 d:/embeded systems/imt course/imt tools/01 imt sdk/imt_sdk_win_64/winavr/bin/../lib/gcc/avr/4.3.3/avr5\libgcc.a(_fpcmp_parts_sf.o)

.debug_str      0x00000000      0x307
 *(.debug_str)
 .debug_str     0x00000000       0xbf d:/embeded systems/imt course/imt tools/01 imt sdk/imt_sdk_win_64/winavr/bin/../lib/gcc/avr/4.3.3/avr5\libgcc.a(_fixunssfsi.o)
                                 0xfe (size before relaxing)
 .debug_str     0x000000bf      0x14d d:/embeded systems/imt course/imt tools/01 imt sdk/imt_sdk_win_64/winavr/bin/../lib/gcc/avr/4.3.3/avr5\libgcc.a(_addsub_sf.o)
                                0x206 (size before relaxing)
 .debug_str     0x0000020c       0x27 d:/embeded systems/imt course/imt tools/01 imt sdk/imt_sdk_win_64/winavr/bin/../lib/gcc/avr/4.3.3/avr5\libgcc.a(_mul_sf.o)
                                0x1bf (size before relaxing)
 .debug_str     0x00000233       0x35 d:/embeded systems/imt course/imt tools/01 imt sdk/imt_sdk_win_64/winavr/bin/../lib/gcc/avr/4.3.3/avr5\libgcc.a(_div_sf.o)
                                0x1c8 (size before relaxing)
 .debug_str     0x00000268        0x8 d:/embeded systems/imt course/imt tools/01 imt sdk/imt_sdk_win_64/winavr/bin/../lib/gcc/avr/4.3.3/avr5\libgcc.a(_gt_sf.o)
                                0x195 (size before relaxing)
 .debug_str     0x00000270        0x8 d:/embeded systems/imt course/imt tools/01 imt sdk/imt_sdk_win_64/winavr/bin/../lib/gcc/avr/4.3.3/avr5\libgcc.a(_ge_sf.o)
                                0x195 (size before relaxing)
 .debug_str     0x00000278        0x8 d:/embeded systems/imt course/imt tools/01 imt sdk/imt_sdk_win_64/winavr/bin/../lib/gcc/avr/4.3.3/avr5\libgcc.a(_lt_sf.o)
                                0x195 (size before relaxing)
 .debug_str     0x00000280       0x1e d:/embeded systems/imt course/imt tools/01 imt sdk/imt_sdk_win_64/winavr/bin/../lib/gcc/avr/4.3.3/avr5\libgcc.a(_si_to_sf.o)
                                0x17b (size before relaxing)
 .debug_str     0x0000029e        0xa d:/embeded systems/imt course/imt tools/01 imt sdk/imt_sdk_win_64/winavr/bin/../lib/gcc/avr/4.3.3/avr5\libgcc.a(_sf_to_si.o)
                                0x19e (size before relaxing)
 .debug_str     0x00000000      0x103 d:/embeded systems/imt course/imt tools/01 imt sdk/imt_sdk_win_64/winavr/bin/../lib/gcc/avr/4.3.3/avr5\libgcc.a(_thenan_sf.o)
 .debug_str     0x000002a8       0x14 d:/embeded systems/imt course/imt tools/01 imt sdk/imt_sdk_win_64/winavr/bin/../lib/gcc/avr/4.3.3/avr5\libgcc.a(_usi_to_sf.o)
                                0x177 (size before relaxing)
 .debug_str     0x000002bc       0x20 d:/embeded systems/imt course/imt tools/01 imt sdk/imt_sdk_win_64/winavr/bin/../lib/gcc/avr/4.3.3/avr5\libgcc.a(_clzsi2.o)
                                0x111 (size before relaxing)
 .debug_str     0x000002dc       0x10 d:/embeded systems/imt course/imt tools/01 imt sdk/imt_sdk_win_64/winavr/bin/../lib/gcc/avr/4.3.3/avr5\libgcc.a(_pack_sf.o)
                                0x19d (size before relaxing)
 .debug_str     0x000002ec        0xb d:/embeded systems/imt course/imt tools/01 imt sdk/imt_sdk_win_64/winavr/bin/../lib/gcc/avr/4.3.3/avr5\libgcc.a(_unpack_sf.o)
                                0x17f (size before relaxing)
 .debug_str     0x000002f7       0x10 d:/embeded systems/imt course/imt tools/01 imt sdk/imt_sdk_win_64/winavr/bin/../lib/gcc/avr/4.3.3/avr5\libgcc.a(_fpcmp_parts_sf.o)
                                0x163 (size before relaxing)
 .debug_str     0x00000000       0xf4 d:/embeded systems/imt course/imt tools/01 imt sdk/imt_sdk_win_64/winavr/bin/../lib/gcc/avr/4.3.3/avr5\libgcc.a(_clz.o)

.debug_loc      0x00000000      0xa1a
 *(.debug_loc)
 .debug_loc     0x00000000       0x34 d:/embeded systems/imt course/imt tools/01 imt sdk/imt_sdk_win_64/winavr/bin/../lib/gcc/avr/4.3.3/avr5\libgcc.a(_fixunssfsi.o)
 .debug_loc     0x00000034      0x32a d:/embeded systems/imt course/imt tools/01 imt sdk/imt_sdk_win_64/winavr/bin/../lib/gcc/avr/4.3.3/avr5\libgcc.a(_addsub_sf.o)
 .debug_loc     0x0000035e      0x104 d:/embeded systems/imt course/imt tools/01 imt sdk/imt_sdk_win_64/winavr/bin/../lib/gcc/avr/4.3.3/avr5\libgcc.a(_mul_sf.o)
 .debug_loc     0x00000462       0xc0 d:/embeded systems/imt course/imt tools/01 imt sdk/imt_sdk_win_64/winavr/bin/../lib/gcc/avr/4.3.3/avr5\libgcc.a(_div_sf.o)
 .debug_loc     0x00000522       0x3c d:/embeded systems/imt course/imt tools/01 imt sdk/imt_sdk_win_64/winavr/bin/../lib/gcc/avr/4.3.3/avr5\libgcc.a(_gt_sf.o)
 .debug_loc     0x0000055e       0x3c d:/embeded systems/imt course/imt tools/01 imt sdk/imt_sdk_win_64/winavr/bin/../lib/gcc/avr/4.3.3/avr5\libgcc.a(_ge_sf.o)
 .debug_loc     0x0000059a       0x3c d:/embeded systems/imt course/imt tools/01 imt sdk/imt_sdk_win_64/winavr/bin/../lib/gcc/avr/4.3.3/avr5\libgcc.a(_lt_sf.o)
 .debug_loc     0x000005d6       0xac d:/embeded systems/imt course/imt tools/01 imt sdk/imt_sdk_win_64/winavr/bin/../lib/gcc/avr/4.3.3/avr5\libgcc.a(_si_to_sf.o)
 .debug_loc     0x00000682       0x7e d:/embeded systems/imt course/imt tools/01 imt sdk/imt_sdk_win_64/winavr/bin/../lib/gcc/avr/4.3.3/avr5\libgcc.a(_sf_to_si.o)
 .debug_loc     0x00000700       0x4c d:/embeded systems/imt course/imt tools/01 imt sdk/imt_sdk_win_64/winavr/bin/../lib/gcc/avr/4.3.3/avr5\libgcc.a(_usi_to_sf.o)
 .debug_loc     0x0000074c       0x94 d:/embeded systems/imt course/imt tools/01 imt sdk/imt_sdk_win_64/winavr/bin/../lib/gcc/avr/4.3.3/avr5\libgcc.a(_clzsi2.o)
 .debug_loc     0x000007e0      0x13e d:/embeded systems/imt course/imt tools/01 imt sdk/imt_sdk_win_64/winavr/bin/../lib/gcc/avr/4.3.3/avr5\libgcc.a(_pack_sf.o)
 .debug_loc     0x0000091e       0xac d:/embeded systems/imt course/imt tools/01 imt sdk/imt_sdk_win_64/winavr/bin/../lib/gcc/avr/4.3.3/avr5\libgcc.a(_unpack_sf.o)
 .debug_loc     0x000009ca       0x50 d:/embeded systems/imt course/imt tools/01 imt sdk/imt_sdk_win_64/winavr/bin/../lib/gcc/avr/4.3.3/avr5\libgcc.a(_fpcmp_parts_sf.o)

.debug_macinfo
 *(.debug_macinfo)
OUTPUT(COTS_backup_v1.1.elf elf32-avr)
LOAD linker stubs

.debug_ranges   0x00000000       0x50
 .debug_ranges  0x00000000       0x50 d:/embeded systems/imt course/imt tools/01 imt sdk/imt_sdk_win_64/winavr/bin/../lib/gcc/avr/4.3.3/avr5\libgcc.a(_mul_sf.o)
